2025-09-14T07:11:55.115045+04:00 tornike-CH510M-K-M-2 kernel: audit: type=1326 audit(1757819515.113:204): auid=4294967295 uid=0 gid=0 ses=4294967295 subj=snap.cups.cupsd pid=1985 comm="cupsd" exe="/snap/cups/1100/sbin/cupsd" sig=0 arch=c000003e syscall=93 compat=0 ip=0x7e557d6f6a9b code=0x50000
2025-09-14T07:11:55.805052+04:00 tornike-CH510M-K-M-2 kernel: r8169 0000:02:00.0 enp2s0: Link is Up - 1Gbps/Full - flow control off
2025-09-14T07:11:56.121078+04:00 tornike-CH510M-K-M-2 kernel: audit: type=1326 audit(1757819516.119:205): auid=4294967295 uid=0 gid=0 ses=4294967295 subj=snap.cups.cupsd pid=1986 comm="cups-proxyd" exe="/snap/cups/1100/sbin/cups-proxyd" sig=0 arch=c000003e syscall=314 compat=0 ip=0x71dfb615888d code=0x50000
2025-09-14T07:11:59.564081+04:00 tornike-CH510M-K-M-2 kernel: audit: type=1400 audit(1757819519.561:206): apparmor="STATUS" operation="profile_load" profile="unconfined" name="docker-default" pid=2216 comm="apparmor_parser"
2025-09-14T07:11:59.624076+04:00 tornike-CH510M-K-M-2 kernel: evm: overlay not supported
2025-09-14T07:11:59.921048+04:00 tornike-CH510M-K-M-2 kernel: Initializing XFRM netlink socket
2025-09-14T07:11:59.935042+04:00 tornike-CH510M-K-M-2 kernel: bridge: filtering via arp/ip/ip6tables is no longer available by default. Update your scripts to load br_netfilter if you need this.
2025-09-14T07:12:00.260049+04:00 tornike-CH510M-K-M-2 kernel: br-f856a96fc928: port 1(veth19b4d63) entered blocking state
2025-09-14T07:12:00.260055+04:00 tornike-CH510M-K-M-2 kernel: br-f856a96fc928: port 1(veth19b4d63) entered disabled state
2025-09-14T07:12:00.260055+04:00 tornike-CH510M-K-M-2 kernel: veth19b4d63: entered allmulticast mode
2025-09-14T07:12:00.260056+04:00 tornike-CH510M-K-M-2 kernel: veth19b4d63: entered promiscuous mode
2025-09-14T07:12:00.478043+04:00 tornike-CH510M-K-M-2 kernel: eth0: renamed from vethbc34625
2025-09-14T07:12:00.485063+04:00 tornike-CH510M-K-M-2 kernel: br-f856a96fc928: port 1(veth19b4d63) entered blocking state
2025-09-14T07:12:00.485071+04:00 tornike-CH510M-K-M-2 kernel: br-f856a96fc928: port 1(veth19b4d63) entered forwarding state
2025-09-14T11:45:23.598766+04:00 tornike-CH510M-K-M-2 kernel: audit: type=1326 audit(1757835923.597:207): auid=4294967295 uid=1000 gid=1000 ses=4294967295 subj=snap.chatgpt-desktop-client.chatgpt-desktop-client pid=10964 comm="chatgpt-desktop" exe="/snap/chatgpt-desktop-client/2/chatgpt-desktop-client" sig=0 arch=c000003e syscall=330 compat=0 ip=0x7c83db5c222b code=0x50000
2025-09-14T11:45:23.598777+04:00 tornike-CH510M-K-M-2 kernel: audit: type=1326 audit(1757835923.597:208): auid=4294967295 uid=1000 gid=1000 ses=4294967295 subj=snap.chatgpt-desktop-client.chatgpt-desktop-client pid=10963 comm="chatgpt-desktop" exe="/snap/chatgpt-desktop-client/2/chatgpt-desktop-client" sig=0 arch=c000003e syscall=330 compat=0 ip=0x7c4d52dd622b code=0x50000
2025-09-14T11:45:23.676763+04:00 tornike-CH510M-K-M-2 kernel: audit: type=1326 audit(1757835923.675:209): auid=4294967295 uid=1000 gid=1000 ses=4294967295 subj=snap.chatgpt-desktop-client.chatgpt-desktop-client pid=10890 comm="chatgpt-desktop" exe="/snap/chatgpt-desktop-client/2/chatgpt-desktop-client" sig=0 arch=c000003e syscall=444 compat=0 ip=0x7390391e895d code=0x50000
2025-09-14T11:45:25.254763+04:00 tornike-CH510M-K-M-2 kernel: audit: type=1107 audit(1757835925.253:210): pid=1068 uid=101 auid=4294967295 ses=4294967295 subj=unconfined msg='apparmor="DENIED" operation="dbus_method_call"  bus="system" path="/" interface="org.freedesktop.DBus.ObjectManager" member="GetManagedObjects" mask="send" name="org.bluez" pid=10890 label="snap.chatgpt-desktop-client.chatgpt-desktop-client"
2025-09-14T11:45:25.254773+04:00 tornike-CH510M-K-M-2 kernel:  exe="/usr/bin/dbus-daemon" sauid=101 hostname=? addr=? terminal=?'
2025-09-14T11:45:25.805764+04:00 tornike-CH510M-K-M-2 kernel: audit: type=1400 audit(1757835925.804:211): apparmor="DENIED" operation="open" class="file" profile="snap.chatgpt-desktop-client.chatgpt-desktop-client" name="/etc/vulkan/implicit_layer.d/" pid=11015 comm="chatgpt-desktop" requested_mask="r" denied_mask="r" fsuid=1000 ouid=0
2025-09-14T11:45:25.806760+04:00 tornike-CH510M-K-M-2 kernel: audit: type=1400 audit(1757835925.805:212): apparmor="DENIED" operation="open" class="file" profile="snap.chatgpt-desktop-client.chatgpt-desktop-client" name="/etc/vulkan/implicit_layer.d/" pid=11015 comm="chatgpt-desktop" requested_mask="r" denied_mask="r" fsuid=1000 ouid=0
2025-09-14T11:45:25.806764+04:00 tornike-CH510M-K-M-2 kernel: audit: type=1400 audit(1757835925.805:213): apparmor="DENIED" operation="open" class="file" profile="snap.chatgpt-desktop-client.chatgpt-desktop-client" name="/etc/vulkan/icd.d/" pid=11015 comm="chatgpt-desktop" requested_mask="r" denied_mask="r" fsuid=1000 ouid=0
2025-09-14T11:45:25.806765+04:00 tornike-CH510M-K-M-2 kernel: audit: type=1400 audit(1757835925.805:214): apparmor="DENIED" operation="open" class="file" profile="snap.chatgpt-desktop-client.chatgpt-desktop-client" name="/etc/vulkan/icd.d/" pid=11015 comm="chatgpt-desktop" requested_mask="r" denied_mask="r" fsuid=1000 ouid=0
2025-09-14T11:45:25.806766+04:00 tornike-CH510M-K-M-2 kernel: audit: type=1400 audit(1757835925.805:215): apparmor="DENIED" operation="open" class="file" profile="snap.chatgpt-desktop-client.chatgpt-desktop-client" name="/etc/vulkan/implicit_layer.d/" pid=11015 comm="chatgpt-desktop" requested_mask="r" denied_mask="r" fsuid=1000 ouid=0
2025-09-14T11:45:25.806766+04:00 tornike-CH510M-K-M-2 kernel: audit: type=1400 audit(1757835925.805:216): apparmor="DENIED" operation="open" class="file" profile="snap.chatgpt-desktop-client.chatgpt-desktop-client" name="/etc/vulkan/implicit_layer.d/" pid=11015 comm="chatgpt-desktop" requested_mask="r" denied_mask="r" fsuid=1000 ouid=0
2025-09-14T12:30:41.319797+04:00 tornike-CH510M-K-M-2 kernel: kauditd_printk_skb: 11 callbacks suppressed
2025-09-14T12:30:41.319806+04:00 tornike-CH510M-K-M-2 kernel: audit: type=1326 audit(1757838641.318:228): auid=4294967295 uid=1000 gid=1000 ses=4294967295 subj=snap.copilot-desktop.copilot-desktop pid=16185 comm="copilot-desktop" exe="/snap/copilot-desktop/56/unpacked/copilot-desktop" sig=0 arch=c000003e syscall=330 compat=0 ip=0x77ef591d92fb code=0x50000
2025-09-14T12:30:41.319807+04:00 tornike-CH510M-K-M-2 kernel: audit: type=1326 audit(1757838641.318:229): auid=4294967295 uid=1000 gid=1000 ses=4294967295 subj=snap.copilot-desktop.copilot-desktop pid=16186 comm="copilot-desktop" exe="/snap/copilot-desktop/56/unpacked/copilot-desktop" sig=0 arch=c000003e syscall=330 compat=0 ip=0x73fc7db792fb code=0x50000
2025-09-14T12:30:41.336763+04:00 tornike-CH510M-K-M-2 kernel: audit: type=1326 audit(1757838641.335:230): auid=4294967295 uid=1000 gid=1000 ses=4294967295 subj=snap.copilot-desktop.copilot-desktop pid=16099 comm="copilot-desktop" exe="/snap/copilot-desktop/56/unpacked/copilot-desktop" sig=0 arch=c000003e syscall=444 compat=0 ip=0x77e0a832125d code=0x50000
2025-09-14T12:30:41.361765+04:00 tornike-CH510M-K-M-2 kernel: audit: type=1326 audit(1757838641.360:231): auid=4294967295 uid=1000 gid=1000 ses=4294967295 subj=snap.copilot-desktop.copilot-desktop pid=16099 comm="copilot-desktop" exe="/snap/copilot-desktop/56/unpacked/copilot-desktop" sig=0 arch=c000003e syscall=141 compat=0 ip=0x77e0a831762b code=0x50000
2025-09-14T12:30:41.383768+04:00 tornike-CH510M-K-M-2 kernel: audit: type=1326 audit(1757838641.382:232): auid=4294967295 uid=1000 gid=1000 ses=4294967295 subj=snap.copilot-desktop.copilot-desktop pid=16099 comm="copilot-desktop" exe="/snap/copilot-desktop/56/unpacked/copilot-desktop" sig=0 arch=c000003e syscall=425 compat=0 ip=0x77e0a832125d code=0x50000
2025-09-14T12:30:41.387762+04:00 tornike-CH510M-K-M-2 kernel: audit: type=1326 audit(1757838641.386:233): auid=4294967295 uid=1000 gid=1000 ses=4294967295 subj=snap.copilot-desktop.copilot-desktop pid=16099 comm="copilot-desktop" exe="/snap/copilot-desktop/56/unpacked/copilot-desktop" sig=0 arch=c000003e syscall=141 compat=0 ip=0x77e0a831762b code=0x50000
2025-09-14T12:30:41.389785+04:00 tornike-CH510M-K-M-2 kernel: audit: type=1326 audit(1757838641.388:234): auid=4294967295 uid=1000 gid=1000 ses=4294967295 subj=snap.copilot-desktop.copilot-desktop pid=16099 comm="copilot-desktop" exe="/snap/copilot-desktop/56/unpacked/copilot-desktop" sig=0 arch=c000003e syscall=425 compat=0 ip=0x77e0a832125d code=0x50000
2025-09-14T12:30:41.389790+04:00 tornike-CH510M-K-M-2 kernel: audit: type=1326 audit(1757838641.388:235): auid=4294967295 uid=1000 gid=1000 ses=4294967295 subj=snap.copilot-desktop.copilot-desktop pid=16099 comm="copilot-desktop" exe="/snap/copilot-desktop/56/unpacked/copilot-desktop" sig=0 arch=c000003e syscall=425 compat=0 ip=0x77e0a832125d code=0x50000
2025-09-14T12:30:41.694804+04:00 tornike-CH510M-K-M-2 kernel: audit: type=1107 audit(1757838641.693:236): pid=1068 uid=101 auid=4294967295 ses=4294967295 subj=unconfined msg='apparmor="DENIED" operation="dbus_method_call"  bus="system" path="/" interface="org.freedesktop.DBus.ObjectManager" member="GetManagedObjects" mask="send" name="org.bluez" pid=16099 label="snap.copilot-desktop.copilot-desktop"
2025-09-14T12:30:41.694814+04:00 tornike-CH510M-K-M-2 kernel:  exe="/usr/bin/dbus-daemon" sauid=101 hostname=? addr=? terminal=?'
2025-09-14T12:30:41.721770+04:00 tornike-CH510M-K-M-2 kernel: audit: type=1400 audit(1757838641.719:237): apparmor="DENIED" operation="open" class="file" profile="snap.copilot-desktop.copilot-desktop" name="/proc/16236/oom_score_adj" pid=16099 comm="ThreadPoolSingl" requested_mask="wc" denied_mask="wc" fsuid=1000 ouid=1000
2025-09-14T12:32:31.777769+04:00 tornike-CH510M-K-M-2 kernel: kauditd_printk_skb: 78 callbacks suppressed
2025-09-14T12:32:31.777780+04:00 tornike-CH510M-K-M-2 kernel: audit: type=1326 audit(1757838751.776:316): auid=4294967295 uid=1000 gid=1000 ses=4294967295 subj=snap.copilot-desktop.copilot-desktop pid=16099 comm="ThreadPoolSingl" exe="/snap/copilot-desktop/56/unpacked/copilot-desktop" sig=0 arch=c000003e syscall=141 compat=0 ip=0x77e0a831762b code=0x50000
2025-09-14T12:32:31.777782+04:00 tornike-CH510M-K-M-2 kernel: audit: type=1326 audit(1757838751.776:317): auid=4294967295 uid=1000 gid=1000 ses=4294967295 subj=snap.copilot-desktop.copilot-desktop pid=16099 comm="ThreadPoolSingl" exe="/snap/copilot-desktop/56/unpacked/copilot-desktop" sig=0 arch=c000003e syscall=141 compat=0 ip=0x77e0a831762b code=0x50000
2025-09-14T12:32:31.778764+04:00 tornike-CH510M-K-M-2 kernel: audit: type=1326 audit(1757838751.777:318): auid=4294967295 uid=1000 gid=1000 ses=4294967295 subj=snap.copilot-desktop.copilot-desktop pid=16099 comm="ThreadPoolSingl" exe="/snap/copilot-desktop/56/unpacked/copilot-desktop" sig=0 arch=c000003e syscall=141 compat=0 ip=0x77e0a831762b code=0x50000
2025-09-14T12:37:19.450771+04:00 tornike-CH510M-K-M-2 kernel: audit: type=1400 audit(1757839039.449:319): apparmor="DENIED" operation="open" class="file" profile="snap.copilot-desktop.copilot-desktop" name="/proc/17166/oom_score_adj" pid=16099 comm="ThreadPoolSingl" requested_mask="wc" denied_mask="wc" fsuid=1000 ouid=1000
2025-09-14T12:37:19.462785+04:00 tornike-CH510M-K-M-2 kernel: audit: type=1326 audit(1757839039.461:320): auid=4294967295 uid=1000 gid=1000 ses=4294967295 subj=snap.copilot-desktop.copilot-desktop pid=16099 comm="ThreadPoolSingl" exe="/snap/copilot-desktop/56/unpacked/copilot-desktop" sig=0 arch=c000003e syscall=141 compat=0 ip=0x77e0a831762b code=0x50000
2025-09-14T12:37:19.462809+04:00 tornike-CH510M-K-M-2 kernel: audit: type=1326 audit(1757839039.461:321): auid=4294967295 uid=1000 gid=1000 ses=4294967295 subj=snap.copilot-desktop.copilot-desktop pid=16099 comm="ThreadPoolSingl" exe="/snap/copilot-desktop/56/unpacked/copilot-desktop" sig=0 arch=c000003e syscall=141 compat=0 ip=0x77e0a831762b code=0x50000
2025-09-14T12:37:19.462812+04:00 tornike-CH510M-K-M-2 kernel: audit: type=1326 audit(1757839039.461:322): auid=4294967295 uid=1000 gid=1000 ses=4294967295 subj=snap.copilot-desktop.copilot-desktop pid=16099 comm="ThreadPoolSingl" exe="/snap/copilot-desktop/56/unpacked/copilot-desktop" sig=0 arch=c000003e syscall=141 compat=0 ip=0x77e0a831762b code=0x50000
2025-09-14T12:37:19.462813+04:00 tornike-CH510M-K-M-2 kernel: audit: type=1326 audit(1757839039.461:323): auid=4294967295 uid=1000 gid=1000 ses=4294967295 subj=snap.copilot-desktop.copilot-desktop pid=16099 comm="ThreadPoolSingl" exe="/snap/copilot-desktop/56/unpacked/copilot-desktop" sig=0 arch=c000003e syscall=141 compat=0 ip=0x77e0a831762b code=0x50000
2025-09-14T12:37:19.462814+04:00 tornike-CH510M-K-M-2 kernel: audit: type=1326 audit(1757839039.461:324): auid=4294967295 uid=1000 gid=1000 ses=4294967295 subj=snap.copilot-desktop.copilot-desktop pid=16099 comm="ThreadPoolSingl" exe="/snap/copilot-desktop/56/unpacked/copilot-desktop" sig=0 arch=c000003e syscall=141 compat=0 ip=0x77e0a831762b code=0x50000
2025-09-14T12:37:19.468764+04:00 tornike-CH510M-K-M-2 kernel: audit: type=1326 audit(1757839039.467:325): auid=4294967295 uid=1000 gid=1000 ses=4294967295 subj=snap.copilot-desktop.copilot-desktop pid=16099 comm="ThreadPoolSingl" exe="/snap/copilot-desktop/56/unpacked/copilot-desktop" sig=0 arch=c000003e syscall=141 compat=0 ip=0x77e0a831762b code=0x50000
2025-09-14T12:37:19.468774+04:00 tornike-CH510M-K-M-2 kernel: audit: type=1326 audit(1757839039.467:326): auid=4294967295 uid=1000 gid=1000 ses=4294967295 subj=snap.copilot-desktop.copilot-desktop pid=16099 comm="ThreadPoolSingl" exe="/snap/copilot-desktop/56/unpacked/copilot-desktop" sig=0 arch=c000003e syscall=141 compat=0 ip=0x77e0a831762b code=0x50000
2025-09-14T12:37:19.468775+04:00 tornike-CH510M-K-M-2 kernel: audit: type=1326 audit(1757839039.467:327): auid=4294967295 uid=1000 gid=1000 ses=4294967295 subj=snap.copilot-desktop.copilot-desktop pid=16099 comm="ThreadPoolSingl" exe="/snap/copilot-desktop/56/unpacked/copilot-desktop" sig=0 arch=c000003e syscall=141 compat=0 ip=0x77e0a831762b code=0x50000
2025-09-14T12:37:19.468776+04:00 tornike-CH510M-K-M-2 kernel: audit: type=1326 audit(1757839039.467:328): auid=4294967295 uid=1000 gid=1000 ses=4294967295 subj=snap.copilot-desktop.copilot-desktop pid=16099 comm="ThreadPoolSingl" exe="/snap/copilot-desktop/56/unpacked/copilot-desktop" sig=0 arch=c000003e syscall=141 compat=0 ip=0x77e0a831762b code=0x50000
2025-09-14T13:07:43.343793+04:00 tornike-CH510M-K-M-2 kernel: kauditd_printk_skb: 21 callbacks suppressed
2025-09-14T13:07:43.343803+04:00 tornike-CH510M-K-M-2 kernel: audit: type=1326 audit(1757840863.342:350): auid=4294967295 uid=1000 gid=1000 ses=4294967295 subj=snap.chatgpt-desktop-client.chatgpt-desktop-client pid=21217 comm="chatgpt-desktop" exe="/snap/chatgpt-desktop-client/2/chatgpt-desktop-client" sig=0 arch=c000003e syscall=330 compat=0 ip=0x7a707810022b code=0x50000
2025-09-14T13:07:43.343805+04:00 tornike-CH510M-K-M-2 kernel: audit: type=1326 audit(1757840863.342:351): auid=4294967295 uid=1000 gid=1000 ses=4294967295 subj=snap.chatgpt-desktop-client.chatgpt-desktop-client pid=21218 comm="chatgpt-desktop" exe="/snap/chatgpt-desktop-client/2/chatgpt-desktop-client" sig=0 arch=c000003e syscall=330 compat=0 ip=0x7805e646122b code=0x50000
2025-09-14T13:07:43.417764+04:00 tornike-CH510M-K-M-2 kernel: audit: type=1326 audit(1757840863.416:352): auid=4294967295 uid=1000 gid=1000 ses=4294967295 subj=snap.chatgpt-desktop-client.chatgpt-desktop-client pid=21152 comm="chatgpt-desktop" exe="/snap/chatgpt-desktop-client/2/chatgpt-desktop-client" sig=0 arch=c000003e syscall=444 compat=0 ip=0x752bfaf0995d code=0x50000
2025-09-14T13:07:44.944772+04:00 tornike-CH510M-K-M-2 kernel: audit: type=1107 audit(1757840864.943:353): pid=1068 uid=101 auid=4294967295 ses=4294967295 subj=unconfined msg='apparmor="DENIED" operation="dbus_method_call"  bus="system" path="/" interface="org.freedesktop.DBus.ObjectManager" member="GetManagedObjects" mask="send" name="org.bluez" pid=21152 label="snap.chatgpt-desktop-client.chatgpt-desktop-client"
2025-09-14T13:07:44.944782+04:00 tornike-CH510M-K-M-2 kernel:  exe="/usr/bin/dbus-daemon" sauid=101 hostname=? addr=? terminal=?'
2025-09-14T13:07:45.465771+04:00 tornike-CH510M-K-M-2 kernel: audit: type=1400 audit(1757840865.464:354): apparmor="DENIED" operation="open" class="file" profile="snap.chatgpt-desktop-client.chatgpt-desktop-client" name="/etc/vulkan/implicit_layer.d/" pid=21286 comm="chatgpt-desktop" requested_mask="r" denied_mask="r" fsuid=1000 ouid=0
2025-09-14T13:07:45.465781+04:00 tornike-CH510M-K-M-2 kernel: audit: type=1400 audit(1757840865.464:355): apparmor="DENIED" operation="open" class="file" profile="snap.chatgpt-desktop-client.chatgpt-desktop-client" name="/etc/vulkan/implicit_layer.d/" pid=21286 comm="chatgpt-desktop" requested_mask="r" denied_mask="r" fsuid=1000 ouid=0
2025-09-14T13:07:45.465783+04:00 tornike-CH510M-K-M-2 kernel: audit: type=1400 audit(1757840865.464:356): apparmor="DENIED" operation="open" class="file" profile="snap.chatgpt-desktop-client.chatgpt-desktop-client" name="/etc/vulkan/icd.d/" pid=21286 comm="chatgpt-desktop" requested_mask="r" denied_mask="r" fsuid=1000 ouid=0
2025-09-14T13:07:45.465785+04:00 tornike-CH510M-K-M-2 kernel: audit: type=1400 audit(1757840865.464:357): apparmor="DENIED" operation="open" class="file" profile="snap.chatgpt-desktop-client.chatgpt-desktop-client" name="/etc/vulkan/icd.d/" pid=21286 comm="chatgpt-desktop" requested_mask="r" denied_mask="r" fsuid=1000 ouid=0
2025-09-14T13:07:45.465786+04:00 tornike-CH510M-K-M-2 kernel: audit: type=1400 audit(1757840865.464:358): apparmor="DENIED" operation="open" class="file" profile="snap.chatgpt-desktop-client.chatgpt-desktop-client" name="/etc/vulkan/implicit_layer.d/" pid=21286 comm="chatgpt-desktop" requested_mask="r" denied_mask="r" fsuid=1000 ouid=0
2025-09-14T13:07:45.465787+04:00 tornike-CH510M-K-M-2 kernel: audit: type=1400 audit(1757840865.464:359): apparmor="DENIED" operation="open" class="file" profile="snap.chatgpt-desktop-client.chatgpt-desktop-client" name="/etc/vulkan/implicit_layer.d/" pid=21286 comm="chatgpt-desktop" requested_mask="r" denied_mask="r" fsuid=1000 ouid=0
2025-09-14T13:19:50.870764+04:00 tornike-CH510M-K-M-2 kernel: kauditd_printk_skb: 11 callbacks suppressed
2025-09-14T13:19:50.870773+04:00 tornike-CH510M-K-M-2 kernel: audit: type=1326 audit(1757841590.869:372): auid=4294967295 uid=1000 gid=1000 ses=4294967295 subj=snap.chatgpt-desktop-client.chatgpt-desktop-client pid=22893 comm="chatgpt-desktop" exe="/snap/chatgpt-desktop-client/2/chatgpt-desktop-client" sig=0 arch=c000003e syscall=330 compat=0 ip=0x79b39f8dd22b code=0x50000
2025-09-14T13:19:50.870774+04:00 tornike-CH510M-K-M-2 kernel: audit: type=1326 audit(1757841590.869:371): auid=4294967295 uid=1000 gid=1000 ses=4294967295 subj=snap.chatgpt-desktop-client.chatgpt-desktop-client pid=22892 comm="chatgpt-desktop" exe="/snap/chatgpt-desktop-client/2/chatgpt-desktop-client" sig=0 arch=c000003e syscall=330 compat=0 ip=0x7efe005ed22b code=0x50000
2025-09-14T13:19:50.871757+04:00 tornike-CH510M-K-M-2 kernel: audit: type=1326 audit(1757841590.870:373): auid=4294967295 uid=1000 gid=1000 ses=4294967295 subj=snap.chatgpt-desktop-client.chatgpt-desktop-client pid=22827 comm="chatgpt-desktop" exe="/snap/chatgpt-desktop-client/2/chatgpt-desktop-client" sig=0 arch=c000003e syscall=444 compat=0 ip=0x7c66578b195d code=0x50000
2025-09-14T13:19:51.033762+04:00 tornike-CH510M-K-M-2 kernel: audit: type=1107 audit(1757841591.032:374): pid=1068 uid=101 auid=4294967295 ses=4294967295 subj=unconfined msg='apparmor="DENIED" operation="dbus_method_call"  bus="system" path="/" interface="org.freedesktop.DBus.ObjectManager" member="GetManagedObjects" mask="send" name="org.bluez" pid=22827 label="snap.chatgpt-desktop-client.chatgpt-desktop-client"
2025-09-14T13:19:51.033772+04:00 tornike-CH510M-K-M-2 kernel:  exe="/usr/bin/dbus-daemon" sauid=101 hostname=? addr=? terminal=?'
2025-09-14T13:19:51.043775+04:00 tornike-CH510M-K-M-2 kernel: audit: type=1400 audit(1757841591.042:375): apparmor="DENIED" operation="open" class="file" profile="snap.chatgpt-desktop-client.chatgpt-desktop-client" name="/etc/vulkan/implicit_layer.d/" pid=22922 comm="chatgpt-desktop" requested_mask="r" denied_mask="r" fsuid=1000 ouid=0
2025-09-14T13:19:51.043787+04:00 tornike-CH510M-K-M-2 kernel: audit: type=1400 audit(1757841591.042:376): apparmor="DENIED" operation="open" class="file" profile="snap.chatgpt-desktop-client.chatgpt-desktop-client" name="/etc/vulkan/implicit_layer.d/" pid=22922 comm="chatgpt-desktop" requested_mask="r" denied_mask="r" fsuid=1000 ouid=0
2025-09-14T13:19:51.043790+04:00 tornike-CH510M-K-M-2 kernel: audit: type=1400 audit(1757841591.042:377): apparmor="DENIED" operation="open" class="file" profile="snap.chatgpt-desktop-client.chatgpt-desktop-client" name="/etc/vulkan/icd.d/" pid=22922 comm="chatgpt-desktop" requested_mask="r" denied_mask="r" fsuid=1000 ouid=0
2025-09-14T13:19:51.043790+04:00 tornike-CH510M-K-M-2 kernel: audit: type=1400 audit(1757841591.042:378): apparmor="DENIED" operation="open" class="file" profile="snap.chatgpt-desktop-client.chatgpt-desktop-client" name="/etc/vulkan/icd.d/" pid=22922 comm="chatgpt-desktop" requested_mask="r" denied_mask="r" fsuid=1000 ouid=0
2025-09-14T13:19:51.043792+04:00 tornike-CH510M-K-M-2 kernel: audit: type=1400 audit(1757841591.042:379): apparmor="DENIED" operation="open" class="file" profile="snap.chatgpt-desktop-client.chatgpt-desktop-client" name="/etc/vulkan/implicit_layer.d/" pid=22922 comm="chatgpt-desktop" requested_mask="r" denied_mask="r" fsuid=1000 ouid=0
2025-09-14T13:19:51.043792+04:00 tornike-CH510M-K-M-2 kernel: audit: type=1400 audit(1757841591.042:380): apparmor="DENIED" operation="open" class="file" profile="snap.chatgpt-desktop-client.chatgpt-desktop-client" name="/etc/vulkan/implicit_layer.d/" pid=22922 comm="chatgpt-desktop" requested_mask="r" denied_mask="r" fsuid=1000 ouid=0
2025-09-14T13:53:37.390765+04:00 tornike-CH510M-K-M-2 kernel: kauditd_printk_skb: 11 callbacks suppressed
2025-09-14T13:53:37.390774+04:00 tornike-CH510M-K-M-2 kernel: audit: type=1326 audit(1757843617.389:392): auid=4294967295 uid=1000 gid=1000 ses=4294967295 subj=snap.copilot-desktop.copilot-desktop pid=30045 comm="copilot-desktop" exe="/snap/copilot-desktop/56/unpacked/copilot-desktop" sig=0 arch=c000003e syscall=330 compat=0 ip=0x78f9b7b512fb code=0x50000
2025-09-14T13:53:37.390775+04:00 tornike-CH510M-K-M-2 kernel: audit: type=1326 audit(1757843617.389:393): auid=4294967295 uid=1000 gid=1000 ses=4294967295 subj=snap.copilot-desktop.copilot-desktop pid=30046 comm="copilot-desktop" exe="/snap/copilot-desktop/56/unpacked/copilot-desktop" sig=0 arch=c000003e syscall=330 compat=0 ip=0x7ccb563772fb code=0x50000
2025-09-14T13:53:37.411761+04:00 tornike-CH510M-K-M-2 kernel: audit: type=1326 audit(1757843617.410:394): auid=4294967295 uid=1000 gid=1000 ses=4294967295 subj=snap.copilot-desktop.copilot-desktop pid=29966 comm="copilot-desktop" exe="/snap/copilot-desktop/56/unpacked/copilot-desktop" sig=0 arch=c000003e syscall=444 compat=0 ip=0x76d8022f525d code=0x50000
2025-09-14T13:53:37.419765+04:00 tornike-CH510M-K-M-2 kernel: audit: type=1326 audit(1757843617.418:395): auid=4294967295 uid=1000 gid=1000 ses=4294967295 subj=snap.copilot-desktop.copilot-desktop pid=29966 comm="copilot-desktop" exe="/snap/copilot-desktop/56/unpacked/copilot-desktop" sig=0 arch=c000003e syscall=141 compat=0 ip=0x76d8022eb62b code=0x50000
2025-09-14T13:53:37.426790+04:00 tornike-CH510M-K-M-2 kernel: audit: type=1326 audit(1757843617.425:396): auid=4294967295 uid=1000 gid=1000 ses=4294967295 subj=snap.copilot-desktop.copilot-desktop pid=29966 comm="copilot-desktop" exe="/snap/copilot-desktop/56/unpacked/copilot-desktop" sig=0 arch=c000003e syscall=425 compat=0 ip=0x76d8022f525d code=0x50000
2025-09-14T13:53:37.429754+04:00 tornike-CH510M-K-M-2 kernel: audit: type=1326 audit(1757843617.428:397): auid=4294967295 uid=1000 gid=1000 ses=4294967295 subj=snap.copilot-desktop.copilot-desktop pid=29966 comm="copilot-desktop" exe="/snap/copilot-desktop/56/unpacked/copilot-desktop" sig=0 arch=c000003e syscall=141 compat=0 ip=0x76d8022eb62b code=0x50000
2025-09-14T13:53:37.431764+04:00 tornike-CH510M-K-M-2 kernel: audit: type=1326 audit(1757843617.430:398): auid=4294967295 uid=1000 gid=1000 ses=4294967295 subj=snap.copilot-desktop.copilot-desktop pid=29966 comm="copilot-desktop" exe="/snap/copilot-desktop/56/unpacked/copilot-desktop" sig=0 arch=c000003e syscall=425 compat=0 ip=0x76d8022f525d code=0x50000
2025-09-14T13:53:37.431770+04:00 tornike-CH510M-K-M-2 kernel: audit: type=1326 audit(1757843617.430:399): auid=4294967295 uid=1000 gid=1000 ses=4294967295 subj=snap.copilot-desktop.copilot-desktop pid=29966 comm="copilot-desktop" exe="/snap/copilot-desktop/56/unpacked/copilot-desktop" sig=0 arch=c000003e syscall=425 compat=0 ip=0x76d8022f525d code=0x50000
2025-09-14T13:53:37.805764+04:00 tornike-CH510M-K-M-2 kernel: audit: type=1107 audit(1757843617.804:400): pid=1068 uid=101 auid=4294967295 ses=4294967295 subj=unconfined msg='apparmor="DENIED" operation="dbus_method_call"  bus="system" path="/" interface="org.freedesktop.DBus.ObjectManager" member="GetManagedObjects" mask="send" name="org.bluez" pid=29966 label="snap.copilot-desktop.copilot-desktop"
2025-09-14T13:53:37.805776+04:00 tornike-CH510M-K-M-2 kernel:  exe="/usr/bin/dbus-daemon" sauid=101 hostname=? addr=? terminal=?'
2025-09-14T13:53:37.835766+04:00 tornike-CH510M-K-M-2 kernel: audit: type=1400 audit(1757843617.834:401): apparmor="DENIED" operation="open" class="file" profile="snap.copilot-desktop.copilot-desktop" name="/proc/30107/oom_score_adj" pid=29966 comm="ThreadPoolSingl" requested_mask="wc" denied_mask="wc" fsuid=1000 ouid=1000
2025-09-14T13:53:48.825772+04:00 tornike-CH510M-K-M-2 kernel: kauditd_printk_skb: 35 callbacks suppressed
2025-09-14T13:53:48.825791+04:00 tornike-CH510M-K-M-2 kernel: audit: type=1326 audit(1757843628.824:437): auid=4294967295 uid=1000 gid=1000 ses=4294967295 subj=snap.copilot-desktop.copilot-desktop pid=16099 comm="ThreadPoolSingl" exe="/snap/copilot-desktop/56/unpacked/copilot-desktop" sig=0 arch=c000003e syscall=141 compat=0 ip=0x77e0a831762b code=0x50000
2025-09-14T13:53:48.826767+04:00 tornike-CH510M-K-M-2 kernel: audit: type=1326 audit(1757843628.825:438): auid=4294967295 uid=1000 gid=1000 ses=4294967295 subj=snap.copilot-desktop.copilot-desktop pid=16099 comm="ThreadPoolSingl" exe="/snap/copilot-desktop/56/unpacked/copilot-desktop" sig=0 arch=c000003e syscall=141 compat=0 ip=0x77e0a831762b code=0x50000
2025-09-14T13:53:51.860769+04:00 tornike-CH510M-K-M-2 kernel: audit: type=1326 audit(1757843631.859:439): auid=4294967295 uid=1000 gid=1000 ses=4294967295 subj=snap.copilot-desktop.copilot-desktop pid=16099 comm="ThreadPoolSingl" exe="/snap/copilot-desktop/56/unpacked/copilot-desktop" sig=0 arch=c000003e syscall=141 compat=0 ip=0x77e0a831762b code=0x50000
2025-09-14T13:53:52.027766+04:00 tornike-CH510M-K-M-2 kernel: audit: type=1326 audit(1757843632.026:440): auid=4294967295 uid=1000 gid=1000 ses=4294967295 subj=snap.copilot-desktop.copilot-desktop pid=16099 comm="ThreadPoolSingl" exe="/snap/copilot-desktop/56/unpacked/copilot-desktop" sig=0 arch=c000003e syscall=141 compat=0 ip=0x77e0a831762b code=0x50000
2025-09-14T14:47:38.781767+04:00 tornike-CH510M-K-M-2 kernel: audit: type=1326 audit(1757846858.779:441): auid=4294967295 uid=1000 gid=1000 ses=4294967295 subj=snap.chatgpt-desktop-client.chatgpt-desktop-client pid=37910 comm="chatgpt-desktop" exe="/snap/chatgpt-desktop-client/2/chatgpt-desktop-client" sig=0 arch=c000003e syscall=330 compat=0 ip=0x75efec97c22b code=0x50000
2025-09-14T14:47:38.785758+04:00 tornike-CH510M-K-M-2 kernel: audit: type=1326 audit(1757846858.783:442): auid=4294967295 uid=1000 gid=1000 ses=4294967295 subj=snap.chatgpt-desktop-client.chatgpt-desktop-client pid=37909 comm="chatgpt-desktop" exe="/snap/chatgpt-desktop-client/2/chatgpt-desktop-client" sig=0 arch=c000003e syscall=330 compat=0 ip=0x79807540e22b code=0x50000
2025-09-14T14:47:38.839766+04:00 tornike-CH510M-K-M-2 kernel: audit: type=1326 audit(1757846858.837:443): auid=4294967295 uid=1000 gid=1000 ses=4294967295 subj=snap.chatgpt-desktop-client.chatgpt-desktop-client pid=37833 comm="chatgpt-desktop" exe="/snap/chatgpt-desktop-client/2/chatgpt-desktop-client" sig=0 arch=c000003e syscall=444 compat=0 ip=0x7ca94c68595d code=0x50000
2025-09-14T14:47:40.751791+04:00 tornike-CH510M-K-M-2 kernel: audit: type=1107 audit(1757846860.749:444): pid=1068 uid=101 auid=4294967295 ses=4294967295 subj=unconfined msg='apparmor="DENIED" operation="dbus_method_call"  bus="system" path="/" interface="org.freedesktop.DBus.ObjectManager" member="GetManagedObjects" mask="send" name="org.bluez" pid=37833 label="snap.chatgpt-desktop-client.chatgpt-desktop-client"
2025-09-14T14:47:40.751800+04:00 tornike-CH510M-K-M-2 kernel:  exe="/usr/bin/dbus-daemon" sauid=101 hostname=? addr=? terminal=?'
2025-09-14T14:47:41.195769+04:00 tornike-CH510M-K-M-2 kernel: audit: type=1400 audit(1757846861.194:445): apparmor="DENIED" operation="open" class="file" profile="snap.chatgpt-desktop-client.chatgpt-desktop-client" name="/etc/vulkan/implicit_layer.d/" pid=37988 comm="chatgpt-desktop" requested_mask="r" denied_mask="r" fsuid=1000 ouid=0
2025-09-14T14:47:41.195780+04:00 tornike-CH510M-K-M-2 kernel: audit: type=1400 audit(1757846861.194:446): apparmor="DENIED" operation="open" class="file" profile="snap.chatgpt-desktop-client.chatgpt-desktop-client" name="/etc/vulkan/implicit_layer.d/" pid=37988 comm="chatgpt-desktop" requested_mask="r" denied_mask="r" fsuid=1000 ouid=0
2025-09-14T14:47:41.195781+04:00 tornike-CH510M-K-M-2 kernel: audit: type=1400 audit(1757846861.194:447): apparmor="DENIED" operation="open" class="file" profile="snap.chatgpt-desktop-client.chatgpt-desktop-client" name="/etc/vulkan/icd.d/" pid=37988 comm="chatgpt-desktop" requested_mask="r" denied_mask="r" fsuid=1000 ouid=0
2025-09-14T14:47:41.195782+04:00 tornike-CH510M-K-M-2 kernel: audit: type=1400 audit(1757846861.194:448): apparmor="DENIED" operation="open" class="file" profile="snap.chatgpt-desktop-client.chatgpt-desktop-client" name="/etc/vulkan/icd.d/" pid=37988 comm="chatgpt-desktop" requested_mask="r" denied_mask="r" fsuid=1000 ouid=0
2025-09-14T14:47:41.195788+04:00 tornike-CH510M-K-M-2 kernel: audit: type=1400 audit(1757846861.195:449): apparmor="DENIED" operation="open" class="file" profile="snap.chatgpt-desktop-client.chatgpt-desktop-client" name="/etc/vulkan/implicit_layer.d/" pid=37988 comm="chatgpt-desktop" requested_mask="r" denied_mask="r" fsuid=1000 ouid=0
2025-09-14T14:47:41.196759+04:00 tornike-CH510M-K-M-2 kernel: audit: type=1400 audit(1757846861.195:450): apparmor="DENIED" operation="open" class="file" profile="snap.chatgpt-desktop-client.chatgpt-desktop-client" name="/etc/vulkan/implicit_layer.d/" pid=37988 comm="chatgpt-desktop" requested_mask="r" denied_mask="r" fsuid=1000 ouid=0
2025-09-14T14:48:10.986782+04:00 tornike-CH510M-K-M-2 kernel: kauditd_printk_skb: 11 callbacks suppressed
2025-09-14T14:48:10.986806+04:00 tornike-CH510M-K-M-2 kernel: audit: type=1326 audit(1757846890.984:462): auid=4294967295 uid=1000 gid=1000 ses=4294967295 subj=snap.copilot-desktop.copilot-desktop pid=38319 comm="copilot-desktop" exe="/snap/copilot-desktop/56/unpacked/copilot-desktop" sig=0 arch=c000003e syscall=330 compat=0 ip=0x7a007c0442fb code=0x50000
2025-09-14T14:48:10.986808+04:00 tornike-CH510M-K-M-2 kernel: audit: type=1326 audit(1757846890.984:463): auid=4294967295 uid=1000 gid=1000 ses=4294967295 subj=snap.copilot-desktop.copilot-desktop pid=38243 comm="copilot-desktop" exe="/snap/copilot-desktop/56/unpacked/copilot-desktop" sig=0 arch=c000003e syscall=444 compat=0 ip=0x77765000e25d code=0x50000
2025-09-14T14:48:10.987764+04:00 tornike-CH510M-K-M-2 kernel: audit: type=1326 audit(1757846890.985:464): auid=4294967295 uid=1000 gid=1000 ses=4294967295 subj=snap.copilot-desktop.copilot-desktop pid=38243 comm="copilot-desktop" exe="/snap/copilot-desktop/56/unpacked/copilot-desktop" sig=0 arch=c000003e syscall=141 compat=0 ip=0x77765000462b code=0x50000
2025-09-14T14:48:10.989781+04:00 tornike-CH510M-K-M-2 kernel: audit: type=1326 audit(1757846890.987:465): auid=4294967295 uid=1000 gid=1000 ses=4294967295 subj=snap.copilot-desktop.copilot-desktop pid=38243 comm="copilot-desktop" exe="/snap/copilot-desktop/56/unpacked/copilot-desktop" sig=0 arch=c000003e syscall=425 compat=0 ip=0x77765000e25d code=0x50000
2025-09-14T14:48:10.989796+04:00 tornike-CH510M-K-M-2 kernel: audit: type=1326 audit(1757846890.987:466): auid=4294967295 uid=1000 gid=1000 ses=4294967295 subj=snap.copilot-desktop.copilot-desktop pid=38243 comm="copilot-desktop" exe="/snap/copilot-desktop/56/unpacked/copilot-desktop" sig=0 arch=c000003e syscall=141 compat=0 ip=0x77765000462b code=0x50000
2025-09-14T14:48:10.990764+04:00 tornike-CH510M-K-M-2 kernel: audit: type=1326 audit(1757846890.988:467): auid=4294967295 uid=1000 gid=1000 ses=4294967295 subj=snap.copilot-desktop.copilot-desktop pid=38243 comm="copilot-desktop" exe="/snap/copilot-desktop/56/unpacked/copilot-desktop" sig=0 arch=c000003e syscall=425 compat=0 ip=0x77765000e25d code=0x50000
2025-09-14T14:48:10.990773+04:00 tornike-CH510M-K-M-2 kernel: audit: type=1326 audit(1757846890.988:468): auid=4294967295 uid=1000 gid=1000 ses=4294967295 subj=snap.copilot-desktop.copilot-desktop pid=38243 comm="copilot-desktop" exe="/snap/copilot-desktop/56/unpacked/copilot-desktop" sig=0 arch=c000003e syscall=425 compat=0 ip=0x77765000e25d code=0x50000
2025-09-14T14:48:10.990774+04:00 tornike-CH510M-K-M-2 kernel: audit: type=1326 audit(1757846890.988:469): auid=4294967295 uid=1000 gid=1000 ses=4294967295 subj=snap.copilot-desktop.copilot-desktop pid=38318 comm="copilot-desktop" exe="/snap/copilot-desktop/56/unpacked/copilot-desktop" sig=0 arch=c000003e syscall=330 compat=0 ip=0x70bb6323b2fb code=0x50000
2025-09-14T14:48:11.215763+04:00 tornike-CH510M-K-M-2 kernel: audit: type=1107 audit(1757846891.213:470): pid=1068 uid=101 auid=4294967295 ses=4294967295 subj=unconfined msg='apparmor="DENIED" operation="dbus_method_call"  bus="system" path="/" interface="org.freedesktop.DBus.ObjectManager" member="GetManagedObjects" mask="send" name="org.bluez" pid=38243 label="snap.copilot-desktop.copilot-desktop"
2025-09-14T14:48:11.215775+04:00 tornike-CH510M-K-M-2 kernel:  exe="/usr/bin/dbus-daemon" sauid=101 hostname=? addr=? terminal=?'
2025-09-14T14:48:11.219764+04:00 tornike-CH510M-K-M-2 kernel: audit: type=1400 audit(1757846891.217:471): apparmor="DENIED" operation="open" class="file" profile="snap.copilot-desktop.copilot-desktop" name="/proc/38356/oom_score_adj" pid=38243 comm="ThreadPoolSingl" requested_mask="wc" denied_mask="wc" fsuid=1000 ouid=1000
2025-09-14T15:25:12.731288+04:00 tornike-CH510M-K-M-2 kernel: perf: interrupt took too long (2513 > 2500), lowering kernel.perf_event_max_sample_rate to 79000
2025-09-14T15:25:55.384770+04:00 tornike-CH510M-K-M-2 kernel: kauditd_printk_skb: 48 callbacks suppressed
2025-09-14T15:25:55.384782+04:00 tornike-CH510M-K-M-2 kernel: audit: type=1326 audit(1757849155.383:520): auid=4294967295 uid=1000 gid=1000 ses=4294967295 subj=snap.chatgpt-desktop-client.chatgpt-desktop-client pid=45658 comm="chatgpt-desktop" exe="/snap/chatgpt-desktop-client/2/chatgpt-desktop-client" sig=0 arch=c000003e syscall=330 compat=0 ip=0x7cda7fee122b code=0x50000
2025-09-14T15:25:55.392767+04:00 tornike-CH510M-K-M-2 kernel: audit: type=1326 audit(1757849155.391:521): auid=4294967295 uid=1000 gid=1000 ses=4294967295 subj=snap.chatgpt-desktop-client.chatgpt-desktop-client pid=45659 comm="chatgpt-desktop" exe="/snap/chatgpt-desktop-client/2/chatgpt-desktop-client" sig=0 arch=c000003e syscall=330 compat=0 ip=0x710014ed322b code=0x50000
2025-09-14T15:25:55.417770+04:00 tornike-CH510M-K-M-2 kernel: audit: type=1326 audit(1757849155.416:522): auid=4294967295 uid=1000 gid=1000 ses=4294967295 subj=snap.chatgpt-desktop-client.chatgpt-desktop-client pid=45595 comm="chatgpt-desktop" exe="/snap/chatgpt-desktop-client/2/chatgpt-desktop-client" sig=0 arch=c000003e syscall=444 compat=0 ip=0x76be1a16795d code=0x50000
2025-09-14T15:25:57.368763+04:00 tornike-CH510M-K-M-2 kernel: audit: type=1107 audit(1757849157.367:523): pid=1068 uid=101 auid=4294967295 ses=4294967295 subj=unconfined msg='apparmor="DENIED" operation="dbus_method_call"  bus="system" path="/" interface="org.freedesktop.DBus.ObjectManager" member="GetManagedObjects" mask="send" name="org.bluez" pid=45595 label="snap.chatgpt-desktop-client.chatgpt-desktop-client"
2025-09-14T15:25:57.368773+04:00 tornike-CH510M-K-M-2 kernel:  exe="/usr/bin/dbus-daemon" sauid=101 hostname=? addr=? terminal=?'
2025-09-14T15:25:57.909766+04:00 tornike-CH510M-K-M-2 kernel: audit: type=1400 audit(1757849157.908:524): apparmor="DENIED" operation="open" class="file" profile="snap.chatgpt-desktop-client.chatgpt-desktop-client" name="/etc/vulkan/implicit_layer.d/" pid=45717 comm="chatgpt-desktop" requested_mask="r" denied_mask="r" fsuid=1000 ouid=0
2025-09-14T15:25:57.910761+04:00 tornike-CH510M-K-M-2 kernel: audit: type=1400 audit(1757849157.909:525): apparmor="DENIED" operation="open" class="file" profile="snap.chatgpt-desktop-client.chatgpt-desktop-client" name="/etc/vulkan/implicit_layer.d/" pid=45717 comm="chatgpt-desktop" requested_mask="r" denied_mask="r" fsuid=1000 ouid=0
2025-09-14T15:25:57.910765+04:00 tornike-CH510M-K-M-2 kernel: audit: type=1400 audit(1757849157.909:526): apparmor="DENIED" operation="open" class="file" profile="snap.chatgpt-desktop-client.chatgpt-desktop-client" name="/etc/vulkan/icd.d/" pid=45717 comm="chatgpt-desktop" requested_mask="r" denied_mask="r" fsuid=1000 ouid=0
2025-09-14T15:25:57.910766+04:00 tornike-CH510M-K-M-2 kernel: audit: type=1400 audit(1757849157.909:527): apparmor="DENIED" operation="open" class="file" profile="snap.chatgpt-desktop-client.chatgpt-desktop-client" name="/etc/vulkan/icd.d/" pid=45717 comm="chatgpt-desktop" requested_mask="r" denied_mask="r" fsuid=1000 ouid=0
2025-09-14T15:25:57.910767+04:00 tornike-CH510M-K-M-2 kernel: audit: type=1400 audit(1757849157.909:528): apparmor="DENIED" operation="open" class="file" profile="snap.chatgpt-desktop-client.chatgpt-desktop-client" name="/etc/vulkan/implicit_layer.d/" pid=45717 comm="chatgpt-desktop" requested_mask="r" denied_mask="r" fsuid=1000 ouid=0
2025-09-14T15:25:57.910767+04:00 tornike-CH510M-K-M-2 kernel: audit: type=1400 audit(1757849157.909:529): apparmor="DENIED" operation="open" class="file" profile="snap.chatgpt-desktop-client.chatgpt-desktop-client" name="/etc/vulkan/implicit_layer.d/" pid=45717 comm="chatgpt-desktop" requested_mask="r" denied_mask="r" fsuid=1000 ouid=0
2025-09-14T15:30:25.727768+04:00 tornike-CH510M-K-M-2 kernel: kauditd_printk_skb: 11 callbacks suppressed
2025-09-14T15:30:25.727778+04:00 tornike-CH510M-K-M-2 kernel: audit: type=1326 audit(1757849425.726:541): auid=4294967295 uid=1000 gid=1000 ses=4294967295 subj=snap.chromium.chromium pid=46410 comm="chrome" exe="/snap/chromium/3248/usr/lib/chromium-browser/chrome" sig=0 arch=c000003e syscall=330 compat=0 ip=0x7a7703015f6b code=0x50000
2025-09-14T15:30:25.727779+04:00 tornike-CH510M-K-M-2 kernel: audit: type=1326 audit(1757849425.726:542): auid=4294967295 uid=1000 gid=1000 ses=4294967295 subj=snap.chromium.chromium pid=46409 comm="chrome" exe="/snap/chromium/3248/usr/lib/chromium-browser/chrome" sig=0 arch=c000003e syscall=330 compat=0 ip=0x70af75a6af6b code=0x50000
2025-09-14T15:30:25.880766+04:00 tornike-CH510M-K-M-2 kernel: audit: type=1326 audit(1757849425.879:543): auid=4294967295 uid=1000 gid=1000 ses=4294967295 subj=snap.chromium.chromium pid=46309 comm="chrome" exe="/snap/chromium/3248/usr/lib/chromium-browser/chrome" sig=0 arch=c000003e syscall=444 compat=0 ip=0x76888824188d code=0x50000
2025-09-14T15:30:26.968805+04:00 tornike-CH510M-K-M-2 kernel: audit: type=1107 audit(1757849426.967:544): pid=1068 uid=101 auid=4294967295 ses=4294967295 subj=unconfined msg='apparmor="DENIED" operation="dbus_method_call"  bus="system" path="/" interface="org.freedesktop.DBus.ObjectManager" member="GetManagedObjects" mask="send" name="org.bluez" pid=46309 label="snap.chromium.chromium"
2025-09-14T15:30:26.968813+04:00 tornike-CH510M-K-M-2 kernel:  exe="/usr/bin/dbus-daemon" sauid=101 hostname=? addr=? terminal=?'
2025-09-14T15:30:27.739769+04:00 tornike-CH510M-K-M-2 kernel: audit: type=1400 audit(1757849427.738:545): apparmor="DENIED" operation="open" class="file" profile="snap.chromium.chromium" name="/etc/vulkan/implicit_layer.d/" pid=46488 comm="chrome" requested_mask="r" denied_mask="r" fsuid=1000 ouid=0
2025-09-14T15:30:27.739782+04:00 tornike-CH510M-K-M-2 kernel: audit: type=1400 audit(1757849427.738:546): apparmor="DENIED" operation="open" class="file" profile="snap.chromium.chromium" name="/etc/vulkan/implicit_layer.d/" pid=46488 comm="chrome" requested_mask="r" denied_mask="r" fsuid=1000 ouid=0
2025-09-14T15:30:27.740763+04:00 tornike-CH510M-K-M-2 kernel: audit: type=1400 audit(1757849427.739:547): apparmor="DENIED" operation="open" class="file" profile="snap.chromium.chromium" name="/etc/vulkan/icd.d/" pid=46488 comm="chrome" requested_mask="r" denied_mask="r" fsuid=1000 ouid=0
2025-09-14T15:30:27.740768+04:00 tornike-CH510M-K-M-2 kernel: audit: type=1400 audit(1757849427.739:548): apparmor="DENIED" operation="open" class="file" profile="snap.chromium.chromium" name="/etc/vulkan/icd.d/" pid=46488 comm="chrome" requested_mask="r" denied_mask="r" fsuid=1000 ouid=0
2025-09-14T15:30:27.740769+04:00 tornike-CH510M-K-M-2 kernel: audit: type=1400 audit(1757849427.739:549): apparmor="DENIED" operation="open" class="file" profile="snap.chromium.chromium" name="/etc/vulkan/implicit_layer.d/" pid=46488 comm="chrome" requested_mask="r" denied_mask="r" fsuid=1000 ouid=0
2025-09-14T15:30:27.740770+04:00 tornike-CH510M-K-M-2 kernel: audit: type=1400 audit(1757849427.739:550): apparmor="DENIED" operation="open" class="file" profile="snap.chromium.chromium" name="/etc/vulkan/implicit_layer.d/" pid=46488 comm="chrome" requested_mask="r" denied_mask="r" fsuid=1000 ouid=0
2025-09-14T17:06:36.487676+04:00 tornike-CH510M-K-M-2 kernel: kauditd_printk_skb: 10 callbacks suppressed
2025-09-14T17:06:36.487696+04:00 tornike-CH510M-K-M-2 kernel: audit: type=1326 audit(1757855196.485:561): auid=4294967295 uid=1000 gid=1000 ses=4294967295 subj=snap.chatgpt-desktop-client.chatgpt-desktop-client pid=59342 comm="chatgpt-desktop" exe="/snap/chatgpt-desktop-client/2/chatgpt-desktop-client" sig=0 arch=c000003e syscall=330 compat=0 ip=0x70f209b2022b code=0x50000
2025-09-14T17:06:36.487698+04:00 tornike-CH510M-K-M-2 kernel: audit: type=1326 audit(1757855196.485:562): auid=4294967295 uid=1000 gid=1000 ses=4294967295 subj=snap.chatgpt-desktop-client.chatgpt-desktop-client pid=59341 comm="chatgpt-desktop" exe="/snap/chatgpt-desktop-client/2/chatgpt-desktop-client" sig=0 arch=c000003e syscall=330 compat=0 ip=0x72b1a8a2122b code=0x50000
2025-09-14T17:06:36.675780+04:00 tornike-CH510M-K-M-2 kernel: audit: type=1326 audit(1757855196.674:563): auid=4294967295 uid=1000 gid=1000 ses=4294967295 subj=snap.chatgpt-desktop-client.chatgpt-desktop-client pid=59252 comm="chatgpt-desktop" exe="/snap/chatgpt-desktop-client/2/chatgpt-desktop-client" sig=0 arch=c000003e syscall=444 compat=0 ip=0x72da4604b95d code=0x50000
2025-09-14T17:06:40.827766+04:00 tornike-CH510M-K-M-2 kernel: audit: type=1107 audit(1757855200.826:564): pid=1068 uid=101 auid=4294967295 ses=4294967295 subj=unconfined msg='apparmor="DENIED" operation="dbus_method_call"  bus="system" path="/" interface="org.freedesktop.DBus.ObjectManager" member="GetManagedObjects" mask="send" name="org.bluez" pid=59252 label="snap.chatgpt-desktop-client.chatgpt-desktop-client"
2025-09-14T17:06:40.827776+04:00 tornike-CH510M-K-M-2 kernel:  exe="/usr/bin/dbus-daemon" sauid=101 hostname=? addr=? terminal=?'
2025-09-14T17:06:41.976768+04:00 tornike-CH510M-K-M-2 kernel: audit: type=1400 audit(1757855201.975:565): apparmor="DENIED" operation="open" class="file" profile="snap.chatgpt-desktop-client.chatgpt-desktop-client" name="/etc/vulkan/implicit_layer.d/" pid=59423 comm="chatgpt-desktop" requested_mask="r" denied_mask="r" fsuid=1000 ouid=0
2025-09-14T17:06:41.976780+04:00 tornike-CH510M-K-M-2 kernel: audit: type=1400 audit(1757855201.975:566): apparmor="DENIED" operation="open" class="file" profile="snap.chatgpt-desktop-client.chatgpt-desktop-client" name="/etc/vulkan/implicit_layer.d/" pid=59423 comm="chatgpt-desktop" requested_mask="r" denied_mask="r" fsuid=1000 ouid=0
2025-09-14T17:06:41.976781+04:00 tornike-CH510M-K-M-2 kernel: audit: type=1400 audit(1757855201.975:567): apparmor="DENIED" operation="open" class="file" profile="snap.chatgpt-desktop-client.chatgpt-desktop-client" name="/etc/vulkan/icd.d/" pid=59423 comm="chatgpt-desktop" requested_mask="r" denied_mask="r" fsuid=1000 ouid=0
2025-09-14T17:06:41.976783+04:00 tornike-CH510M-K-M-2 kernel: audit: type=1400 audit(1757855201.975:568): apparmor="DENIED" operation="open" class="file" profile="snap.chatgpt-desktop-client.chatgpt-desktop-client" name="/etc/vulkan/icd.d/" pid=59423 comm="chatgpt-desktop" requested_mask="r" denied_mask="r" fsuid=1000 ouid=0
2025-09-14T17:06:41.976784+04:00 tornike-CH510M-K-M-2 kernel: audit: type=1400 audit(1757855201.975:569): apparmor="DENIED" operation="open" class="file" profile="snap.chatgpt-desktop-client.chatgpt-desktop-client" name="/etc/vulkan/implicit_layer.d/" pid=59423 comm="chatgpt-desktop" requested_mask="r" denied_mask="r" fsuid=1000 ouid=0
2025-09-14T17:06:41.976784+04:00 tornike-CH510M-K-M-2 kernel: audit: type=1400 audit(1757855201.975:570): apparmor="DENIED" operation="open" class="file" profile="snap.chatgpt-desktop-client.chatgpt-desktop-client" name="/etc/vulkan/implicit_layer.d/" pid=59423 comm="chatgpt-desktop" requested_mask="r" denied_mask="r" fsuid=1000 ouid=0
2025-09-14T17:06:41.976785+04:00 tornike-CH510M-K-M-2 kernel: audit: type=1400 audit(1757855201.975:571): apparmor="DENIED" operation="open" class="file" profile="snap.chatgpt-desktop-client.chatgpt-desktop-client" name="/etc/vulkan/icd.d/" pid=59423 comm="chatgpt-desktop" requested_mask="r" denied_mask="r" fsuid=1000 ouid=0
2025-09-14T17:06:41.976785+04:00 tornike-CH510M-K-M-2 kernel: audit: type=1400 audit(1757855201.975:572): apparmor="DENIED" operation="open" class="file" profile="snap.chatgpt-desktop-client.chatgpt-desktop-client" name="/etc/vulkan/implicit_layer.d/" pid=59423 comm="chatgpt-desktop" requested_mask="r" denied_mask="r" fsuid=1000 ouid=0
2025-09-14T17:06:41.981760+04:00 tornike-CH510M-K-M-2 kernel: audit: type=1400 audit(1757855201.980:573): apparmor="DENIED" operation="open" class="file" profile="snap.chatgpt-desktop-client.chatgpt-desktop-client" name="/etc/vulkan/implicit_layer.d/" pid=59423 comm="chatgpt-desktop" requested_mask="r" denied_mask="r" fsuid=1000 ouid=0
2025-09-14T17:06:41.981767+04:00 tornike-CH510M-K-M-2 kernel: audit: type=1400 audit(1757855201.980:574): apparmor="DENIED" operation="open" class="file" profile="snap.chatgpt-desktop-client.chatgpt-desktop-client" name="/etc/vulkan/explicit_layer.d/" pid=59423 comm="chatgpt-desktop" requested_mask="r" denied_mask="r" fsuid=1000 ouid=0
2025-09-14T17:06:46.983766+04:00 tornike-CH510M-K-M-2 kernel: kauditd_printk_skb: 1 callbacks suppressed
2025-09-14T17:06:46.983779+04:00 tornike-CH510M-K-M-2 kernel: audit: type=1400 audit(1757855206.982:576): apparmor="DENIED" operation="unlink" class="file" profile="snap.chatgpt-desktop-client.chatgpt-desktop-client" name="/dev/char/195:255" pid=59423 comm="chatgpt-desktop" requested_mask="d" denied_mask="d" fsuid=1000 ouid=0
2025-09-14T17:06:47.065769+04:00 tornike-CH510M-K-M-2 kernel: audit: type=1400 audit(1757855207.063:577): apparmor="DENIED" operation="unlink" class="file" profile="snap.chatgpt-desktop-client.chatgpt-desktop-client" name="/dev/char/195:254" pid=59423 comm="chatgpt-desktop" requested_mask="d" denied_mask="d" fsuid=1000 ouid=0
2025-09-14T17:06:47.065780+04:00 tornike-CH510M-K-M-2 kernel: audit: type=1400 audit(1757855207.064:578): apparmor="DENIED" operation="unlink" class="file" profile="snap.chatgpt-desktop-client.chatgpt-desktop-client" name="/dev/char/195:0" pid=59423 comm="chatgpt-desktop" requested_mask="d" denied_mask="d" fsuid=1000 ouid=0
2025-09-14T17:06:47.065782+04:00 tornike-CH510M-K-M-2 kernel: audit: type=1400 audit(1757855207.064:579): apparmor="DENIED" operation="unlink" class="file" profile="snap.chatgpt-desktop-client.chatgpt-desktop-client" name="/dev/char/195:0" pid=59423 comm="chatgpt-desktop" requested_mask="d" denied_mask="d" fsuid=1000 ouid=0
2025-09-14T17:06:47.072764+04:00 tornike-CH510M-K-M-2 kernel: audit: type=1107 audit(1757855207.071:580): pid=1068 uid=101 auid=4294967295 ses=4294967295 subj=unconfined msg='apparmor="DENIED" operation="dbus_method_call"  bus="system" path="/org/freedesktop/DBus" interface="org.freedesktop.DBus" member="ListNames" mask="send" name="org.freedesktop.DBus" pid=59423 label="snap.chatgpt-desktop-client.chatgpt-desktop-client" peer_label="unconfined"
2025-09-14T17:06:47.072777+04:00 tornike-CH510M-K-M-2 kernel:  exe="/usr/bin/dbus-daemon" sauid=101 hostname=? addr=? terminal=?'
2025-09-14T17:06:47.360768+04:00 tornike-CH510M-K-M-2 kernel: audit: type=1400 audit(1757855207.359:581): apparmor="DENIED" operation="unlink" class="file" profile="snap.chatgpt-desktop-client.chatgpt-desktop-client" name="/dev/char/195:254" pid=59423 comm="chatgpt-desktop" requested_mask="d" denied_mask="d" fsuid=1000 ouid=0
2025-09-14T17:07:05.321768+04:00 tornike-CH510M-K-M-2 kernel: audit: type=1326 audit(1757855225.320:582): auid=4294967295 uid=1000 gid=1000 ses=4294967295 subj=snap.chatgpt-desktop-client.chatgpt-desktop-client pid=59565 comm="chatgpt-desktop" exe="/snap/chatgpt-desktop-client/2/chatgpt-desktop-client" sig=0 arch=c000003e syscall=330 compat=0 ip=0x731871d8422b code=0x50000
2025-09-14T17:07:05.321777+04:00 tornike-CH510M-K-M-2 kernel: audit: type=1326 audit(1757855225.320:583): auid=4294967295 uid=1000 gid=1000 ses=4294967295 subj=snap.chatgpt-desktop-client.chatgpt-desktop-client pid=59566 comm="chatgpt-desktop" exe="/snap/chatgpt-desktop-client/2/chatgpt-desktop-client" sig=0 arch=c000003e syscall=330 compat=0 ip=0x76a2beda822b code=0x50000
2025-09-14T17:07:05.443767+04:00 tornike-CH510M-K-M-2 kernel: audit: type=1326 audit(1757855225.442:584): auid=4294967295 uid=1000 gid=1000 ses=4294967295 subj=snap.chatgpt-desktop-client.chatgpt-desktop-client pid=59495 comm="chatgpt-desktop" exe="/snap/chatgpt-desktop-client/2/chatgpt-desktop-client" sig=0 arch=c000003e syscall=444 compat=0 ip=0x7a9c1dff695d code=0x50000
2025-09-14T17:07:12.981771+04:00 tornike-CH510M-K-M-2 kernel: audit: type=1107 audit(1757855232.979:585): pid=1068 uid=101 auid=4294967295 ses=4294967295 subj=unconfined msg='apparmor="DENIED" operation="dbus_method_call"  bus="system" path="/" interface="org.freedesktop.DBus.ObjectManager" member="GetManagedObjects" mask="send" name="org.bluez" pid=59495 label="snap.chatgpt-desktop-client.chatgpt-desktop-client"
2025-09-14T17:07:12.981782+04:00 tornike-CH510M-K-M-2 kernel:  exe="/usr/bin/dbus-daemon" sauid=101 hostname=? addr=? terminal=?'
2025-09-14T17:07:13.125774+04:00 tornike-CH510M-K-M-2 kernel: audit: type=1400 audit(1757855233.123:586): apparmor="DENIED" operation="open" class="file" profile="snap.chatgpt-desktop-client.chatgpt-desktop-client" name="/etc/vulkan/implicit_layer.d/" pid=59608 comm="chatgpt-desktop" requested_mask="r" denied_mask="r" fsuid=1000 ouid=0
2025-09-14T17:07:13.125803+04:00 tornike-CH510M-K-M-2 kernel: audit: type=1400 audit(1757855233.123:587): apparmor="DENIED" operation="open" class="file" profile="snap.chatgpt-desktop-client.chatgpt-desktop-client" name="/etc/vulkan/implicit_layer.d/" pid=59608 comm="chatgpt-desktop" requested_mask="r" denied_mask="r" fsuid=1000 ouid=0
2025-09-14T17:07:13.125806+04:00 tornike-CH510M-K-M-2 kernel: audit: type=1400 audit(1757855233.123:588): apparmor="DENIED" operation="open" class="file" profile="snap.chatgpt-desktop-client.chatgpt-desktop-client" name="/etc/vulkan/icd.d/" pid=59608 comm="chatgpt-desktop" requested_mask="r" denied_mask="r" fsuid=1000 ouid=0
2025-09-14T17:07:13.125806+04:00 tornike-CH510M-K-M-2 kernel: audit: type=1400 audit(1757855233.123:589): apparmor="DENIED" operation="open" class="file" profile="snap.chatgpt-desktop-client.chatgpt-desktop-client" name="/etc/vulkan/icd.d/" pid=59608 comm="chatgpt-desktop" requested_mask="r" denied_mask="r" fsuid=1000 ouid=0
2025-09-14T17:07:13.125807+04:00 tornike-CH510M-K-M-2 kernel: audit: type=1400 audit(1757855233.123:590): apparmor="DENIED" operation="open" class="file" profile="snap.chatgpt-desktop-client.chatgpt-desktop-client" name="/etc/vulkan/implicit_layer.d/" pid=59608 comm="chatgpt-desktop" requested_mask="r" denied_mask="r" fsuid=1000 ouid=0
2025-09-14T17:07:13.125808+04:00 tornike-CH510M-K-M-2 kernel: audit: type=1400 audit(1757855233.123:591): apparmor="DENIED" operation="open" class="file" profile="snap.chatgpt-desktop-client.chatgpt-desktop-client" name="/etc/vulkan/implicit_layer.d/" pid=59608 comm="chatgpt-desktop" requested_mask="r" denied_mask="r" fsuid=1000 ouid=0
2025-09-14T17:07:13.125808+04:00 tornike-CH510M-K-M-2 kernel: audit: type=1400 audit(1757855233.123:592): apparmor="DENIED" operation="open" class="file" profile="snap.chatgpt-desktop-client.chatgpt-desktop-client" name="/etc/vulkan/icd.d/" pid=59608 comm="chatgpt-desktop" requested_mask="r" denied_mask="r" fsuid=1000 ouid=0
2025-09-14T17:07:13.125809+04:00 tornike-CH510M-K-M-2 kernel: audit: type=1400 audit(1757855233.123:593): apparmor="DENIED" operation="open" class="file" profile="snap.chatgpt-desktop-client.chatgpt-desktop-client" name="/etc/vulkan/implicit_layer.d/" pid=59608 comm="chatgpt-desktop" requested_mask="r" denied_mask="r" fsuid=1000 ouid=0
2025-09-14T17:07:13.125810+04:00 tornike-CH510M-K-M-2 kernel: audit: type=1400 audit(1757855233.123:594): apparmor="DENIED" operation="open" class="file" profile="snap.chatgpt-desktop-client.chatgpt-desktop-client" name="/etc/vulkan/implicit_layer.d/" pid=59608 comm="chatgpt-desktop" requested_mask="r" denied_mask="r" fsuid=1000 ouid=0
2025-09-14T17:07:20.143770+04:00 tornike-CH510M-K-M-2 kernel: kauditd_printk_skb: 8 callbacks suppressed
2025-09-14T17:07:20.143781+04:00 tornike-CH510M-K-M-2 kernel: audit: type=1326 audit(1757855240.142:603): auid=4294967295 uid=1000 gid=1000 ses=4294967295 subj=snap.chatgpt-desktop-client.chatgpt-desktop-client pid=59765 comm="chatgpt-desktop" exe="/snap/chatgpt-desktop-client/2/chatgpt-desktop-client" sig=0 arch=c000003e syscall=330 compat=0 ip=0x77d85c33622b code=0x50000
2025-09-14T17:07:20.143782+04:00 tornike-CH510M-K-M-2 kernel: audit: type=1326 audit(1757855240.142:604): auid=4294967295 uid=1000 gid=1000 ses=4294967295 subj=snap.chatgpt-desktop-client.chatgpt-desktop-client pid=59764 comm="chatgpt-desktop" exe="/snap/chatgpt-desktop-client/2/chatgpt-desktop-client" sig=0 arch=c000003e syscall=330 compat=0 ip=0x79324f55222b code=0x50000
2025-09-14T17:07:20.143783+04:00 tornike-CH510M-K-M-2 kernel: audit: type=1326 audit(1757855240.142:605): auid=4294967295 uid=1000 gid=1000 ses=4294967295 subj=snap.chatgpt-desktop-client.chatgpt-desktop-client pid=59701 comm="chatgpt-desktop" exe="/snap/chatgpt-desktop-client/2/chatgpt-desktop-client" sig=0 arch=c000003e syscall=444 compat=0 ip=0x75625f3c495d code=0x50000
2025-09-14T17:07:20.301771+04:00 tornike-CH510M-K-M-2 kernel: audit: type=1107 audit(1757855240.300:606): pid=1068 uid=101 auid=4294967295 ses=4294967295 subj=unconfined msg='apparmor="DENIED" operation="dbus_method_call"  bus="system" path="/" interface="org.freedesktop.DBus.ObjectManager" member="GetManagedObjects" mask="send" name="org.bluez" pid=59701 label="snap.chatgpt-desktop-client.chatgpt-desktop-client"
2025-09-14T17:07:20.301784+04:00 tornike-CH510M-K-M-2 kernel:  exe="/usr/bin/dbus-daemon" sauid=101 hostname=? addr=? terminal=?'
2025-09-14T17:07:20.312770+04:00 tornike-CH510M-K-M-2 kernel: audit: type=1400 audit(1757855240.311:607): apparmor="DENIED" operation="open" class="file" profile="snap.chatgpt-desktop-client.chatgpt-desktop-client" name="/etc/vulkan/implicit_layer.d/" pid=59794 comm="chatgpt-desktop" requested_mask="r" denied_mask="r" fsuid=1000 ouid=0
2025-09-14T17:07:20.312784+04:00 tornike-CH510M-K-M-2 kernel: audit: type=1400 audit(1757855240.311:608): apparmor="DENIED" operation="open" class="file" profile="snap.chatgpt-desktop-client.chatgpt-desktop-client" name="/etc/vulkan/implicit_layer.d/" pid=59794 comm="chatgpt-desktop" requested_mask="r" denied_mask="r" fsuid=1000 ouid=0
2025-09-14T17:07:20.312786+04:00 tornike-CH510M-K-M-2 kernel: audit: type=1400 audit(1757855240.311:609): apparmor="DENIED" operation="open" class="file" profile="snap.chatgpt-desktop-client.chatgpt-desktop-client" name="/etc/vulkan/icd.d/" pid=59794 comm="chatgpt-desktop" requested_mask="r" denied_mask="r" fsuid=1000 ouid=0
2025-09-14T17:07:20.312787+04:00 tornike-CH510M-K-M-2 kernel: audit: type=1400 audit(1757855240.311:610): apparmor="DENIED" operation="open" class="file" profile="snap.chatgpt-desktop-client.chatgpt-desktop-client" name="/etc/vulkan/icd.d/" pid=59794 comm="chatgpt-desktop" requested_mask="r" denied_mask="r" fsuid=1000 ouid=0
2025-09-14T17:07:20.312791+04:00 tornike-CH510M-K-M-2 kernel: audit: type=1400 audit(1757855240.312:611): apparmor="DENIED" operation="open" class="file" profile="snap.chatgpt-desktop-client.chatgpt-desktop-client" name="/etc/vulkan/implicit_layer.d/" pid=59794 comm="chatgpt-desktop" requested_mask="r" denied_mask="r" fsuid=1000 ouid=0
2025-09-14T17:07:20.313767+04:00 tornike-CH510M-K-M-2 kernel: audit: type=1400 audit(1757855240.312:612): apparmor="DENIED" operation="open" class="file" profile="snap.chatgpt-desktop-client.chatgpt-desktop-client" name="/etc/vulkan/implicit_layer.d/" pid=59794 comm="chatgpt-desktop" requested_mask="r" denied_mask="r" fsuid=1000 ouid=0
2025-09-14T17:12:08.929710+04:00 tornike-CH510M-K-M-2 kernel: Linux version 6.8.0-79-generic (buildd@lcy02-amd64-049) (x86_64-linux-gnu-gcc-13 (Ubuntu 13.3.0-6ubuntu2~24.04) 13.3.0, GNU ld (GNU Binutils for Ubuntu) 2.42) #79-Ubuntu SMP PREEMPT_DYNAMIC Tue Aug 12 14:42:46 UTC 2025 (Ubuntu 6.8.0-79.79-generic 6.8.12)
2025-09-14T17:12:08.929714+04:00 tornike-CH510M-K-M-2 kernel: Command line: BOOT_IMAGE=/boot/vmlinuz-6.8.0-79-generic root=UUID=d282d071-5713-4f44-b88c-257e6acab052 ro quiet splash
2025-09-14T17:12:08.929715+04:00 tornike-CH510M-K-M-2 kernel: KERNEL supported cpus:
2025-09-14T17:12:08.929716+04:00 tornike-CH510M-K-M-2 kernel:   Intel GenuineIntel
2025-09-14T17:12:08.929716+04:00 tornike-CH510M-K-M-2 kernel:   AMD AuthenticAMD
2025-09-14T17:12:08.929717+04:00 tornike-CH510M-K-M-2 kernel:   Hygon HygonGenuine
2025-09-14T17:12:08.929717+04:00 tornike-CH510M-K-M-2 kernel:   Centaur CentaurHauls
2025-09-14T17:12:08.929718+04:00 tornike-CH510M-K-M-2 kernel:   zhaoxin   Shanghai  
2025-09-14T17:12:08.929719+04:00 tornike-CH510M-K-M-2 kernel: BIOS-provided physical RAM map:
2025-09-14T17:12:08.929719+04:00 tornike-CH510M-K-M-2 kernel: BIOS-e820: [mem 0x0000000000000000-0x000000000009dfff] usable
2025-09-14T17:12:08.929721+04:00 tornike-CH510M-K-M-2 kernel: BIOS-e820: [mem 0x000000000009e000-0x000000000009efff] reserved
2025-09-14T17:12:08.929721+04:00 tornike-CH510M-K-M-2 kernel: BIOS-e820: [mem 0x000000000009f000-0x000000000009ffff] usable
2025-09-14T17:12:08.929722+04:00 tornike-CH510M-K-M-2 kernel: BIOS-e820: [mem 0x00000000000a0000-0x00000000000fffff] reserved
2025-09-14T17:12:08.929723+04:00 tornike-CH510M-K-M-2 kernel: BIOS-e820: [mem 0x0000000000100000-0x000000003fffffff] usable
2025-09-14T17:12:08.929723+04:00 tornike-CH510M-K-M-2 kernel: BIOS-e820: [mem 0x0000000040000000-0x00000000403fffff] reserved
2025-09-14T17:12:08.929724+04:00 tornike-CH510M-K-M-2 kernel: BIOS-e820: [mem 0x0000000040400000-0x000000007c74dfff] usable
2025-09-14T17:12:08.929725+04:00 tornike-CH510M-K-M-2 kernel: BIOS-e820: [mem 0x000000007c74e000-0x000000007c74efff] reserved
2025-09-14T17:12:08.929725+04:00 tornike-CH510M-K-M-2 kernel: BIOS-e820: [mem 0x000000007c74f000-0x000000007d38dfff] usable
2025-09-14T17:12:08.929725+04:00 tornike-CH510M-K-M-2 kernel: BIOS-e820: [mem 0x000000007d38e000-0x000000007d38efff] reserved
2025-09-14T17:12:08.929726+04:00 tornike-CH510M-K-M-2 kernel: BIOS-e820: [mem 0x000000007d38f000-0x00000000999b7fff] usable
2025-09-14T17:12:08.929728+04:00 tornike-CH510M-K-M-2 kernel: BIOS-e820: [mem 0x00000000999b8000-0x00000000999b8fff] ACPI NVS
2025-09-14T17:12:08.929728+04:00 tornike-CH510M-K-M-2 kernel: BIOS-e820: [mem 0x00000000999b9000-0x00000000999dbfff] usable
2025-09-14T17:12:08.929729+04:00 tornike-CH510M-K-M-2 kernel: BIOS-e820: [mem 0x00000000999dc000-0x00000000999dcfff] reserved
2025-09-14T17:12:08.929729+04:00 tornike-CH510M-K-M-2 kernel: BIOS-e820: [mem 0x00000000999dd000-0x000000009d049fff] usable
2025-09-14T17:12:08.929729+04:00 tornike-CH510M-K-M-2 kernel: BIOS-e820: [mem 0x000000009d04a000-0x000000009e390fff] reserved
2025-09-14T17:12:08.929730+04:00 tornike-CH510M-K-M-2 kernel: BIOS-e820: [mem 0x000000009e391000-0x000000009e4c0fff] ACPI data
2025-09-14T17:12:08.929731+04:00 tornike-CH510M-K-M-2 kernel: BIOS-e820: [mem 0x000000009e4c1000-0x000000009e5c0fff] ACPI NVS
2025-09-14T17:12:08.929732+04:00 tornike-CH510M-K-M-2 kernel: BIOS-e820: [mem 0x000000009e5c1000-0x000000009effdfff] reserved
2025-09-14T17:12:08.929732+04:00 tornike-CH510M-K-M-2 kernel: BIOS-e820: [mem 0x000000009effe000-0x000000009effefff] usable
2025-09-14T17:12:08.929733+04:00 tornike-CH510M-K-M-2 kernel: BIOS-e820: [mem 0x000000009efff000-0x000000009fffffff] reserved
2025-09-14T17:12:08.929733+04:00 tornike-CH510M-K-M-2 kernel: BIOS-e820: [mem 0x00000000e0000000-0x00000000efffffff] reserved
2025-09-14T17:12:08.929733+04:00 tornike-CH510M-K-M-2 kernel: BIOS-e820: [mem 0x00000000fe000000-0x00000000fe010fff] reserved
2025-09-14T17:12:08.929734+04:00 tornike-CH510M-K-M-2 kernel: BIOS-e820: [mem 0x00000000fec00000-0x00000000fec00fff] reserved
2025-09-14T17:12:08.929735+04:00 tornike-CH510M-K-M-2 kernel: BIOS-e820: [mem 0x00000000fee00000-0x00000000fee00fff] reserved
2025-09-14T17:12:08.929736+04:00 tornike-CH510M-K-M-2 kernel: BIOS-e820: [mem 0x00000000ff000000-0x00000000ffffffff] reserved
2025-09-14T17:12:08.929736+04:00 tornike-CH510M-K-M-2 kernel: BIOS-e820: [mem 0x0000000100000000-0x000000045dffffff] usable
2025-09-14T17:12:08.929736+04:00 tornike-CH510M-K-M-2 kernel: NX (Execute Disable) protection: active
2025-09-14T17:12:08.929737+04:00 tornike-CH510M-K-M-2 kernel: APIC: Static calls initialized
2025-09-14T17:12:08.929738+04:00 tornike-CH510M-K-M-2 kernel: e820: update [mem 0x98c52018-0x98c71857] usable ==> usable
2025-09-14T17:12:08.929739+04:00 tornike-CH510M-K-M-2 kernel: e820: update [mem 0x98c52018-0x98c71857] usable ==> usable
2025-09-14T17:12:08.929740+04:00 tornike-CH510M-K-M-2 kernel: extended physical RAM map:
2025-09-14T17:12:08.929741+04:00 tornike-CH510M-K-M-2 kernel: reserve setup_data: [mem 0x0000000000000000-0x000000000009dfff] usable
2025-09-14T17:12:08.929741+04:00 tornike-CH510M-K-M-2 kernel: reserve setup_data: [mem 0x000000000009e000-0x000000000009efff] reserved
2025-09-14T17:12:08.929742+04:00 tornike-CH510M-K-M-2 kernel: reserve setup_data: [mem 0x000000000009f000-0x000000000009ffff] usable
2025-09-14T17:12:08.929742+04:00 tornike-CH510M-K-M-2 kernel: reserve setup_data: [mem 0x00000000000a0000-0x00000000000fffff] reserved
2025-09-14T17:12:08.929744+04:00 tornike-CH510M-K-M-2 kernel: reserve setup_data: [mem 0x0000000000100000-0x000000003fffffff] usable
2025-09-14T17:12:08.929744+04:00 tornike-CH510M-K-M-2 kernel: reserve setup_data: [mem 0x0000000040000000-0x00000000403fffff] reserved
2025-09-14T17:12:08.929744+04:00 tornike-CH510M-K-M-2 kernel: reserve setup_data: [mem 0x0000000040400000-0x000000007c74dfff] usable
2025-09-14T17:12:08.929755+04:00 tornike-CH510M-K-M-2 kernel: reserve setup_data: [mem 0x000000007c74e000-0x000000007c74efff] reserved
2025-09-14T17:12:08.929755+04:00 tornike-CH510M-K-M-2 kernel: reserve setup_data: [mem 0x000000007c74f000-0x000000007d38dfff] usable
2025-09-14T17:12:08.929756+04:00 tornike-CH510M-K-M-2 kernel: reserve setup_data: [mem 0x000000007d38e000-0x000000007d38efff] reserved
2025-09-14T17:12:08.929756+04:00 tornike-CH510M-K-M-2 kernel: reserve setup_data: [mem 0x000000007d38f000-0x0000000098c52017] usable
2025-09-14T17:12:08.929757+04:00 tornike-CH510M-K-M-2 kernel: reserve setup_data: [mem 0x0000000098c52018-0x0000000098c71857] usable
2025-09-14T17:12:08.929758+04:00 tornike-CH510M-K-M-2 kernel: reserve setup_data: [mem 0x0000000098c71858-0x00000000999b7fff] usable
2025-09-14T17:12:08.929758+04:00 tornike-CH510M-K-M-2 kernel: reserve setup_data: [mem 0x00000000999b8000-0x00000000999b8fff] ACPI NVS
2025-09-14T17:12:08.929759+04:00 tornike-CH510M-K-M-2 kernel: reserve setup_data: [mem 0x00000000999b9000-0x00000000999dbfff] usable
2025-09-14T17:12:08.929759+04:00 tornike-CH510M-K-M-2 kernel: reserve setup_data: [mem 0x00000000999dc000-0x00000000999dcfff] reserved
2025-09-14T17:12:08.929759+04:00 tornike-CH510M-K-M-2 kernel: reserve setup_data: [mem 0x00000000999dd000-0x000000009d049fff] usable
2025-09-14T17:12:08.929761+04:00 tornike-CH510M-K-M-2 kernel: reserve setup_data: [mem 0x000000009d04a000-0x000000009e390fff] reserved
2025-09-14T17:12:08.929761+04:00 tornike-CH510M-K-M-2 kernel: reserve setup_data: [mem 0x000000009e391000-0x000000009e4c0fff] ACPI data
2025-09-14T17:12:08.929762+04:00 tornike-CH510M-K-M-2 kernel: reserve setup_data: [mem 0x000000009e4c1000-0x000000009e5c0fff] ACPI NVS
2025-09-14T17:12:08.929763+04:00 tornike-CH510M-K-M-2 kernel: reserve setup_data: [mem 0x000000009e5c1000-0x000000009effdfff] reserved
2025-09-14T17:12:08.929763+04:00 tornike-CH510M-K-M-2 kernel: reserve setup_data: [mem 0x000000009effe000-0x000000009effefff] usable
2025-09-14T17:12:08.929764+04:00 tornike-CH510M-K-M-2 kernel: reserve setup_data: [mem 0x000000009efff000-0x000000009fffffff] reserved
2025-09-14T17:12:08.929765+04:00 tornike-CH510M-K-M-2 kernel: reserve setup_data: [mem 0x00000000e0000000-0x00000000efffffff] reserved
2025-09-14T17:12:08.929766+04:00 tornike-CH510M-K-M-2 kernel: reserve setup_data: [mem 0x00000000fe000000-0x00000000fe010fff] reserved
2025-09-14T17:12:08.929766+04:00 tornike-CH510M-K-M-2 kernel: reserve setup_data: [mem 0x00000000fec00000-0x00000000fec00fff] reserved
2025-09-14T17:12:08.929767+04:00 tornike-CH510M-K-M-2 kernel: reserve setup_data: [mem 0x00000000fee00000-0x00000000fee00fff] reserved
2025-09-14T17:12:08.929767+04:00 tornike-CH510M-K-M-2 kernel: reserve setup_data: [mem 0x00000000ff000000-0x00000000ffffffff] reserved
2025-09-14T17:12:08.929767+04:00 tornike-CH510M-K-M-2 kernel: reserve setup_data: [mem 0x0000000100000000-0x000000045dffffff] usable
2025-09-14T17:12:08.929768+04:00 tornike-CH510M-K-M-2 kernel: efi: EFI v2.7 by American Megatrends
2025-09-14T17:12:08.929769+04:00 tornike-CH510M-K-M-2 kernel: efi: ACPI=0x9e528000 ACPI 2.0=0x9e528014 TPMFinalLog=0x9e52f000 SMBIOS=0x9ebc2000 SMBIOS 3.0=0x9ebc1000 MEMATTR=0x9a34e018 ESRT=0x9a15e518 MOKvar=0x9eb97000 INITRD=0x99e19298 RNG=0x9e454018 TPMEventLog=0x9e448018 
2025-09-14T17:12:08.929770+04:00 tornike-CH510M-K-M-2 kernel: random: crng init done
2025-09-14T17:12:08.929770+04:00 tornike-CH510M-K-M-2 kernel: efi: Remove mem81: MMIO range=[0xe0000000-0xefffffff] (256MB) from e820 map
2025-09-14T17:12:08.929770+04:00 tornike-CH510M-K-M-2 kernel: e820: remove [mem 0xe0000000-0xefffffff] reserved
2025-09-14T17:12:08.929771+04:00 tornike-CH510M-K-M-2 kernel: efi: Not removing mem82: MMIO range=[0xfe000000-0xfe010fff] (68KB) from e820 map
2025-09-14T17:12:08.929771+04:00 tornike-CH510M-K-M-2 kernel: efi: Not removing mem83: MMIO range=[0xfec00000-0xfec00fff] (4KB) from e820 map
2025-09-14T17:12:08.929772+04:00 tornike-CH510M-K-M-2 kernel: efi: Not removing mem84: MMIO range=[0xfee00000-0xfee00fff] (4KB) from e820 map
2025-09-14T17:12:08.929773+04:00 tornike-CH510M-K-M-2 kernel: efi: Remove mem85: MMIO range=[0xff000000-0xffffffff] (16MB) from e820 map
2025-09-14T17:12:08.929774+04:00 tornike-CH510M-K-M-2 kernel: e820: remove [mem 0xff000000-0xffffffff] reserved
2025-09-14T17:12:08.929774+04:00 tornike-CH510M-K-M-2 kernel: secureboot: Secure boot disabled
2025-09-14T17:12:08.929775+04:00 tornike-CH510M-K-M-2 kernel: SMBIOS 3.2.0 present.
2025-09-14T17:12:08.929775+04:00 tornike-CH510M-K-M-2 kernel: DMI: Colorful Technology And Development Co.,LTD CH510M-K M.2 /CH510M-K M.2 , BIOS 1003 06/06/2023
2025-09-14T17:12:08.929776+04:00 tornike-CH510M-K-M-2 kernel: tsc: Detected 2900.000 MHz processor
2025-09-14T17:12:08.929777+04:00 tornike-CH510M-K-M-2 kernel: tsc: Detected 2899.886 MHz TSC
2025-09-14T17:12:08.929777+04:00 tornike-CH510M-K-M-2 kernel: e820: update [mem 0x00000000-0x00000fff] usable ==> reserved
2025-09-14T17:12:08.929778+04:00 tornike-CH510M-K-M-2 kernel: e820: remove [mem 0x000a0000-0x000fffff] usable
2025-09-14T17:12:08.929778+04:00 tornike-CH510M-K-M-2 kernel: last_pfn = 0x45e000 max_arch_pfn = 0x400000000
2025-09-14T17:12:08.929778+04:00 tornike-CH510M-K-M-2 kernel: MTRR map: 5 entries (3 fixed + 2 variable; max 23), built from 10 variable MTRRs
2025-09-14T17:12:08.929779+04:00 tornike-CH510M-K-M-2 kernel: x86/PAT: Configuration [0-7]: WB  WC  UC- UC  WB  WP  UC- WT  
2025-09-14T17:12:08.929780+04:00 tornike-CH510M-K-M-2 kernel: last_pfn = 0x9efff max_arch_pfn = 0x400000000
2025-09-14T17:12:08.929781+04:00 tornike-CH510M-K-M-2 kernel: esrt: Reserving ESRT space from 0x000000009a15e518 to 0x000000009a15e578.
2025-09-14T17:12:08.929781+04:00 tornike-CH510M-K-M-2 kernel: e820: update [mem 0x9a15e000-0x9a15efff] usable ==> reserved
2025-09-14T17:12:08.929782+04:00 tornike-CH510M-K-M-2 kernel: Using GB pages for direct mapping
2025-09-14T17:12:08.929782+04:00 tornike-CH510M-K-M-2 kernel: secureboot: Secure boot disabled
2025-09-14T17:12:08.929782+04:00 tornike-CH510M-K-M-2 kernel: RAMDISK: [mem 0x9033f000-0x94e05fff]
2025-09-14T17:12:08.929783+04:00 tornike-CH510M-K-M-2 kernel: ACPI: Early table checksum verification disabled
2025-09-14T17:12:08.929784+04:00 tornike-CH510M-K-M-2 kernel: ACPI: RSDP 0x000000009E528014 000024 (v02 ALASKA)
2025-09-14T17:12:08.929784+04:00 tornike-CH510M-K-M-2 kernel: ACPI: XSDT 0x000000009E527728 0000C4 (v01 ALASKA A M I    01072009 AMI  01000013)
2025-09-14T17:12:08.929815+04:00 tornike-CH510M-K-M-2 kernel: ACPI: FACP 0x000000009E4BA000 000114 (v06 ALASKA A M I    01072009 AMI  00010013)
2025-09-14T17:12:08.929815+04:00 tornike-CH510M-K-M-2 kernel: ACPI: DSDT 0x000000009E474000 045B28 (v02 ALASKA A M I    01072009 INTL 20160527)
2025-09-14T17:12:08.929816+04:00 tornike-CH510M-K-M-2 kernel: ACPI: FACS 0x000000009E5C0000 000040
2025-09-14T17:12:08.929816+04:00 tornike-CH510M-K-M-2 kernel: ACPI: MCFG 0x000000009E4BE000 00003C (v01 ALASKA A M I    01072009 MSFT 00000097)
2025-09-14T17:12:08.929818+04:00 tornike-CH510M-K-M-2 kernel: ACPI: SSDT 0x000000009E4BB000 00203B (v02 CpuRef CpuSsdt  00003000 INTL 20160527)
2025-09-14T17:12:08.929818+04:00 tornike-CH510M-K-M-2 kernel: ACPI: FIDT 0x000000009E473000 00009C (v01 ALASKA A M I    01072009 AMI  00010013)
2025-09-14T17:12:08.929819+04:00 tornike-CH510M-K-M-2 kernel: ACPI: SSDT 0x000000009E46F000 0031F9 (v02 SaSsdt SaSsdt   00003000 INTL 20160527)
2025-09-14T17:12:08.929819+04:00 tornike-CH510M-K-M-2 kernel: ACPI: SSDT 0x000000009E46B000 003F6C (v02 Intel  PegSsdt  00001000 INTL 20160527)
2025-09-14T17:12:08.929819+04:00 tornike-CH510M-K-M-2 kernel: ACPI: HPET 0x000000009E4C0000 000038 (v01 ALASKA A M I    01072009 AMI  01000013)
2025-09-14T17:12:08.929820+04:00 tornike-CH510M-K-M-2 kernel: ACPI: APIC 0x000000009E4BF000 000164 (v04 ALASKA A M I    01072009 AMI  01000013)
2025-09-14T17:12:08.929821+04:00 tornike-CH510M-K-M-2 kernel: ACPI: SSDT 0x000000009E469000 00147B (v02 ALASKA Ther_Rvp 00001000 INTL 20160527)
2025-09-14T17:12:08.929822+04:00 tornike-CH510M-K-M-2 kernel: ACPI: SSDT 0x000000009E464000 004573 (v02 INTEL  xh_cmsd4 00000000 INTL 20160527)
2025-09-14T17:12:08.929822+04:00 tornike-CH510M-K-M-2 kernel: ACPI: NHLT 0x000000009E462000 001821 (v00 ALASKA A M I    01072009 AMI  01000013)
2025-09-14T17:12:08.929822+04:00 tornike-CH510M-K-M-2 kernel: ACPI: LPIT 0x000000009E461000 000094 (v01 ALASKA A M I    01072009 AMI  01000013)
2025-09-14T17:12:08.929823+04:00 tornike-CH510M-K-M-2 kernel: ACPI: SSDT 0x000000009E45D000 002720 (v02 ALASKA PtidDevc 00001000 INTL 20160527)
2025-09-14T17:12:08.929823+04:00 tornike-CH510M-K-M-2 kernel: ACPI: SSDT 0x000000009E45A000 0027EC (v02 ALASKA TbtTypeC 00000000 INTL 20160527)
2025-09-14T17:12:08.929826+04:00 tornike-CH510M-K-M-2 kernel: ACPI: DBGP 0x000000009E459000 000034 (v01 ALASKA A M I    01072009 AMI  01000013)
2025-09-14T17:12:08.929826+04:00 tornike-CH510M-K-M-2 kernel: ACPI: DBG2 0x000000009E458000 000054 (v00 ALASKA A M I    01072009 AMI  01000013)
2025-09-14T17:12:08.929826+04:00 tornike-CH510M-K-M-2 kernel: ACPI: FPDT 0x000000009E456000 000044 (v01 ALASKA CML      01072009 AMI  01000013)
2025-09-14T17:12:08.929827+04:00 tornike-CH510M-K-M-2 kernel: ACPI: TPM2 0x000000009E455000 00004C (v04 ALASKA A M I    00000001 AMI  00000000)
2025-09-14T17:12:08.929827+04:00 tornike-CH510M-K-M-2 kernel: ACPI: DMAR 0x000000009E457000 000070 (v01 INTEL  EDK2     00000002      01000013)
2025-09-14T17:12:08.929828+04:00 tornike-CH510M-K-M-2 kernel: ACPI: WSMT 0x000000009E460000 000028 (v01 ALASKA A M I    01072009 AMI  00010013)
2025-09-14T17:12:08.929829+04:00 tornike-CH510M-K-M-2 kernel: ACPI: Reserving FACP table memory at [mem 0x9e4ba000-0x9e4ba113]
2025-09-14T17:12:08.929830+04:00 tornike-CH510M-K-M-2 kernel: ACPI: Reserving DSDT table memory at [mem 0x9e474000-0x9e4b9b27]
2025-09-14T17:12:08.929831+04:00 tornike-CH510M-K-M-2 kernel: ACPI: Reserving FACS table memory at [mem 0x9e5c0000-0x9e5c003f]
2025-09-14T17:12:08.929831+04:00 tornike-CH510M-K-M-2 kernel: ACPI: Reserving MCFG table memory at [mem 0x9e4be000-0x9e4be03b]
2025-09-14T17:12:08.929831+04:00 tornike-CH510M-K-M-2 kernel: ACPI: Reserving SSDT table memory at [mem 0x9e4bb000-0x9e4bd03a]
2025-09-14T17:12:08.929832+04:00 tornike-CH510M-K-M-2 kernel: ACPI: Reserving FIDT table memory at [mem 0x9e473000-0x9e47309b]
2025-09-14T17:12:08.929832+04:00 tornike-CH510M-K-M-2 kernel: ACPI: Reserving SSDT table memory at [mem 0x9e46f000-0x9e4721f8]
2025-09-14T17:12:08.929833+04:00 tornike-CH510M-K-M-2 kernel: ACPI: Reserving SSDT table memory at [mem 0x9e46b000-0x9e46ef6b]
2025-09-14T17:12:08.929835+04:00 tornike-CH510M-K-M-2 kernel: ACPI: Reserving HPET table memory at [mem 0x9e4c0000-0x9e4c0037]
2025-09-14T17:12:08.929835+04:00 tornike-CH510M-K-M-2 kernel: ACPI: Reserving APIC table memory at [mem 0x9e4bf000-0x9e4bf163]
2025-09-14T17:12:08.929835+04:00 tornike-CH510M-K-M-2 kernel: ACPI: Reserving SSDT table memory at [mem 0x9e469000-0x9e46a47a]
2025-09-14T17:12:08.929836+04:00 tornike-CH510M-K-M-2 kernel: ACPI: Reserving SSDT table memory at [mem 0x9e464000-0x9e468572]
2025-09-14T17:12:08.929836+04:00 tornike-CH510M-K-M-2 kernel: ACPI: Reserving NHLT table memory at [mem 0x9e462000-0x9e463820]
2025-09-14T17:12:08.929836+04:00 tornike-CH510M-K-M-2 kernel: ACPI: Reserving LPIT table memory at [mem 0x9e461000-0x9e461093]
2025-09-14T17:12:08.929838+04:00 tornike-CH510M-K-M-2 kernel: ACPI: Reserving SSDT table memory at [mem 0x9e45d000-0x9e45f71f]
2025-09-14T17:12:08.929839+04:00 tornike-CH510M-K-M-2 kernel: ACPI: Reserving SSDT table memory at [mem 0x9e45a000-0x9e45c7eb]
2025-09-14T17:12:08.929840+04:00 tornike-CH510M-K-M-2 kernel: ACPI: Reserving DBGP table memory at [mem 0x9e459000-0x9e459033]
2025-09-14T17:12:08.929840+04:00 tornike-CH510M-K-M-2 kernel: ACPI: Reserving DBG2 table memory at [mem 0x9e458000-0x9e458053]
2025-09-14T17:12:08.929841+04:00 tornike-CH510M-K-M-2 kernel: ACPI: Reserving FPDT table memory at [mem 0x9e456000-0x9e456043]
2025-09-14T17:12:08.929841+04:00 tornike-CH510M-K-M-2 kernel: ACPI: Reserving TPM2 table memory at [mem 0x9e455000-0x9e45504b]
2025-09-14T17:12:08.929842+04:00 tornike-CH510M-K-M-2 kernel: ACPI: Reserving DMAR table memory at [mem 0x9e457000-0x9e45706f]
2025-09-14T17:12:08.929843+04:00 tornike-CH510M-K-M-2 kernel: ACPI: Reserving WSMT table memory at [mem 0x9e460000-0x9e460027]
2025-09-14T17:12:08.929843+04:00 tornike-CH510M-K-M-2 kernel: No NUMA configuration found
2025-09-14T17:12:08.929843+04:00 tornike-CH510M-K-M-2 kernel: Faking a node at [mem 0x0000000000000000-0x000000045dffffff]
2025-09-14T17:12:08.929844+04:00 tornike-CH510M-K-M-2 kernel: NODE_DATA(0) allocated [mem 0x45dfd5000-0x45dffffff]
2025-09-14T17:12:08.929844+04:00 tornike-CH510M-K-M-2 kernel: Zone ranges:
2025-09-14T17:12:08.929846+04:00 tornike-CH510M-K-M-2 kernel:   DMA      [mem 0x0000000000001000-0x0000000000ffffff]
2025-09-14T17:12:08.929846+04:00 tornike-CH510M-K-M-2 kernel:   DMA32    [mem 0x0000000001000000-0x00000000ffffffff]
2025-09-14T17:12:08.929847+04:00 tornike-CH510M-K-M-2 kernel:   Normal   [mem 0x0000000100000000-0x000000045dffffff]
2025-09-14T17:12:08.929847+04:00 tornike-CH510M-K-M-2 kernel:   Device   empty
2025-09-14T17:12:08.929848+04:00 tornike-CH510M-K-M-2 kernel: Movable zone start for each node
2025-09-14T17:12:08.929848+04:00 tornike-CH510M-K-M-2 kernel: Early memory node ranges
2025-09-14T17:12:08.929848+04:00 tornike-CH510M-K-M-2 kernel:   node   0: [mem 0x0000000000001000-0x000000000009dfff]
2025-09-14T17:12:08.929850+04:00 tornike-CH510M-K-M-2 kernel:   node   0: [mem 0x000000000009f000-0x000000000009ffff]
2025-09-14T17:12:08.929850+04:00 tornike-CH510M-K-M-2 kernel:   node   0: [mem 0x0000000000100000-0x000000003fffffff]
2025-09-14T17:12:08.929851+04:00 tornike-CH510M-K-M-2 kernel:   node   0: [mem 0x0000000040400000-0x000000007c74dfff]
2025-09-14T17:12:08.929851+04:00 tornike-CH510M-K-M-2 kernel:   node   0: [mem 0x000000007c74f000-0x000000007d38dfff]
2025-09-14T17:12:08.929852+04:00 tornike-CH510M-K-M-2 kernel:   node   0: [mem 0x000000007d38f000-0x00000000999b7fff]
2025-09-14T17:12:08.929852+04:00 tornike-CH510M-K-M-2 kernel:   node   0: [mem 0x00000000999b9000-0x00000000999dbfff]
2025-09-14T17:12:08.929853+04:00 tornike-CH510M-K-M-2 kernel:   node   0: [mem 0x00000000999dd000-0x000000009d049fff]
2025-09-14T17:12:08.929854+04:00 tornike-CH510M-K-M-2 kernel:   node   0: [mem 0x000000009effe000-0x000000009effefff]
2025-09-14T17:12:08.929854+04:00 tornike-CH510M-K-M-2 kernel:   node   0: [mem 0x0000000100000000-0x000000045dffffff]
2025-09-14T17:12:08.929855+04:00 tornike-CH510M-K-M-2 kernel: Initmem setup node 0 [mem 0x0000000000001000-0x000000045dffffff]
2025-09-14T17:12:08.929855+04:00 tornike-CH510M-K-M-2 kernel: On node 0, zone DMA: 1 pages in unavailable ranges
2025-09-14T17:12:08.929855+04:00 tornike-CH510M-K-M-2 kernel: On node 0, zone DMA: 1 pages in unavailable ranges
2025-09-14T17:12:08.929857+04:00 tornike-CH510M-K-M-2 kernel: On node 0, zone DMA: 96 pages in unavailable ranges
2025-09-14T17:12:08.929858+04:00 tornike-CH510M-K-M-2 kernel: On node 0, zone DMA32: 1024 pages in unavailable ranges
2025-09-14T17:12:08.929858+04:00 tornike-CH510M-K-M-2 kernel: On node 0, zone DMA32: 1 pages in unavailable ranges
2025-09-14T17:12:08.929860+04:00 tornike-CH510M-K-M-2 kernel: message repeated 3 times: [ On node 0, zone DMA32: 1 pages in unavailable ranges]
2025-09-14T17:12:08.929861+04:00 tornike-CH510M-K-M-2 kernel: On node 0, zone DMA32: 8116 pages in unavailable ranges
2025-09-14T17:12:08.929862+04:00 tornike-CH510M-K-M-2 kernel: On node 0, zone Normal: 4097 pages in unavailable ranges
2025-09-14T17:12:08.929864+04:00 tornike-CH510M-K-M-2 kernel: On node 0, zone Normal: 8192 pages in unavailable ranges
2025-09-14T17:12:08.929864+04:00 tornike-CH510M-K-M-2 kernel: ACPI: PM-Timer IO Port: 0x1808
2025-09-14T17:12:08.929865+04:00 tornike-CH510M-K-M-2 kernel: ACPI: LAPIC_NMI (acpi_id[0x01] high edge lint[0x1])
2025-09-14T17:12:08.929865+04:00 tornike-CH510M-K-M-2 kernel: ACPI: LAPIC_NMI (acpi_id[0x02] high edge lint[0x1])
2025-09-14T17:12:08.929865+04:00 tornike-CH510M-K-M-2 kernel: ACPI: LAPIC_NMI (acpi_id[0x03] high edge lint[0x1])
2025-09-14T17:12:08.929866+04:00 tornike-CH510M-K-M-2 kernel: ACPI: LAPIC_NMI (acpi_id[0x04] high edge lint[0x1])
2025-09-14T17:12:08.929866+04:00 tornike-CH510M-K-M-2 kernel: ACPI: LAPIC_NMI (acpi_id[0x05] high edge lint[0x1])
2025-09-14T17:12:08.929867+04:00 tornike-CH510M-K-M-2 kernel: ACPI: LAPIC_NMI (acpi_id[0x06] high edge lint[0x1])
2025-09-14T17:12:08.929868+04:00 tornike-CH510M-K-M-2 kernel: ACPI: LAPIC_NMI (acpi_id[0x07] high edge lint[0x1])
2025-09-14T17:12:08.929868+04:00 tornike-CH510M-K-M-2 kernel: ACPI: LAPIC_NMI (acpi_id[0x08] high edge lint[0x1])
2025-09-14T17:12:08.929868+04:00 tornike-CH510M-K-M-2 kernel: ACPI: LAPIC_NMI (acpi_id[0x09] high edge lint[0x1])
2025-09-14T17:12:08.929869+04:00 tornike-CH510M-K-M-2 kernel: ACPI: LAPIC_NMI (acpi_id[0x0a] high edge lint[0x1])
2025-09-14T17:12:08.929869+04:00 tornike-CH510M-K-M-2 kernel: ACPI: LAPIC_NMI (acpi_id[0x0b] high edge lint[0x1])
2025-09-14T17:12:08.929871+04:00 tornike-CH510M-K-M-2 kernel: ACPI: LAPIC_NMI (acpi_id[0x0c] high edge lint[0x1])
2025-09-14T17:12:08.929871+04:00 tornike-CH510M-K-M-2 kernel: ACPI: LAPIC_NMI (acpi_id[0x0d] high edge lint[0x1])
2025-09-14T17:12:08.929872+04:00 tornike-CH510M-K-M-2 kernel: ACPI: LAPIC_NMI (acpi_id[0x0e] high edge lint[0x1])
2025-09-14T17:12:08.929872+04:00 tornike-CH510M-K-M-2 kernel: ACPI: LAPIC_NMI (acpi_id[0x0f] high edge lint[0x1])
2025-09-14T17:12:08.929872+04:00 tornike-CH510M-K-M-2 kernel: ACPI: LAPIC_NMI (acpi_id[0x10] high edge lint[0x1])
2025-09-14T17:12:08.929873+04:00 tornike-CH510M-K-M-2 kernel: ACPI: LAPIC_NMI (acpi_id[0x11] high edge lint[0x1])
2025-09-14T17:12:08.929873+04:00 tornike-CH510M-K-M-2 kernel: ACPI: LAPIC_NMI (acpi_id[0x12] high edge lint[0x1])
2025-09-14T17:12:08.929874+04:00 tornike-CH510M-K-M-2 kernel: ACPI: LAPIC_NMI (acpi_id[0x13] high edge lint[0x1])
2025-09-14T17:12:08.929875+04:00 tornike-CH510M-K-M-2 kernel: ACPI: LAPIC_NMI (acpi_id[0x14] high edge lint[0x1])
2025-09-14T17:12:08.929875+04:00 tornike-CH510M-K-M-2 kernel: IOAPIC[0]: apic_id 2, version 32, address 0xfec00000, GSI 0-119
2025-09-14T17:12:08.929876+04:00 tornike-CH510M-K-M-2 kernel: ACPI: INT_SRC_OVR (bus 0 bus_irq 0 global_irq 2 dfl dfl)
2025-09-14T17:12:08.929876+04:00 tornike-CH510M-K-M-2 kernel: ACPI: INT_SRC_OVR (bus 0 bus_irq 9 global_irq 9 high level)
2025-09-14T17:12:08.929876+04:00 tornike-CH510M-K-M-2 kernel: ACPI: Using ACPI (MADT) for SMP configuration information
2025-09-14T17:12:08.929877+04:00 tornike-CH510M-K-M-2 kernel: ACPI: HPET id: 0x8086a201 base: 0xfed00000
2025-09-14T17:12:08.929878+04:00 tornike-CH510M-K-M-2 kernel: TSC deadline timer available
2025-09-14T17:12:08.929910+04:00 tornike-CH510M-K-M-2 kernel: smpboot: Allowing 12 CPUs, 0 hotplug CPUs
2025-09-14T17:12:08.929910+04:00 tornike-CH510M-K-M-2 kernel: PM: hibernation: Registered nosave memory: [mem 0x00000000-0x00000fff]
2025-09-14T17:12:08.929911+04:00 tornike-CH510M-K-M-2 kernel: PM: hibernation: Registered nosave memory: [mem 0x0009e000-0x0009efff]
2025-09-14T17:12:08.929912+04:00 tornike-CH510M-K-M-2 kernel: PM: hibernation: Registered nosave memory: [mem 0x000a0000-0x000fffff]
2025-09-14T17:12:08.929915+04:00 tornike-CH510M-K-M-2 kernel: PM: hibernation: Registered nosave memory: [mem 0x40000000-0x403fffff]
2025-09-14T17:12:08.929916+04:00 tornike-CH510M-K-M-2 kernel: PM: hibernation: Registered nosave memory: [mem 0x7c74e000-0x7c74efff]
2025-09-14T17:12:08.929916+04:00 tornike-CH510M-K-M-2 kernel: PM: hibernation: Registered nosave memory: [mem 0x7d38e000-0x7d38efff]
2025-09-14T17:12:08.929917+04:00 tornike-CH510M-K-M-2 kernel: PM: hibernation: Registered nosave memory: [mem 0x98c52000-0x98c52fff]
2025-09-14T17:12:08.929917+04:00 tornike-CH510M-K-M-2 kernel: PM: hibernation: Registered nosave memory: [mem 0x98c71000-0x98c71fff]
2025-09-14T17:12:08.929918+04:00 tornike-CH510M-K-M-2 kernel: PM: hibernation: Registered nosave memory: [mem 0x999b8000-0x999b8fff]
2025-09-14T17:12:08.929919+04:00 tornike-CH510M-K-M-2 kernel: PM: hibernation: Registered nosave memory: [mem 0x999dc000-0x999dcfff]
2025-09-14T17:12:08.929922+04:00 tornike-CH510M-K-M-2 kernel: PM: hibernation: Registered nosave memory: [mem 0x9a15e000-0x9a15efff]
2025-09-14T17:12:08.929922+04:00 tornike-CH510M-K-M-2 kernel: PM: hibernation: Registered nosave memory: [mem 0x9d04a000-0x9e390fff]
2025-09-14T17:12:08.929923+04:00 tornike-CH510M-K-M-2 kernel: PM: hibernation: Registered nosave memory: [mem 0x9e391000-0x9e4c0fff]
2025-09-14T17:12:08.929923+04:00 tornike-CH510M-K-M-2 kernel: PM: hibernation: Registered nosave memory: [mem 0x9e4c1000-0x9e5c0fff]
2025-09-14T17:12:08.929923+04:00 tornike-CH510M-K-M-2 kernel: PM: hibernation: Registered nosave memory: [mem 0x9e5c1000-0x9effdfff]
2025-09-14T17:12:08.929924+04:00 tornike-CH510M-K-M-2 kernel: PM: hibernation: Registered nosave memory: [mem 0x9efff000-0x9fffffff]
2025-09-14T17:12:08.929925+04:00 tornike-CH510M-K-M-2 kernel: PM: hibernation: Registered nosave memory: [mem 0xa0000000-0xfdffffff]
2025-09-14T17:12:08.929926+04:00 tornike-CH510M-K-M-2 kernel: PM: hibernation: Registered nosave memory: [mem 0xfe000000-0xfe010fff]
2025-09-14T17:12:08.929926+04:00 tornike-CH510M-K-M-2 kernel: PM: hibernation: Registered nosave memory: [mem 0xfe011000-0xfebfffff]
2025-09-14T17:12:08.929927+04:00 tornike-CH510M-K-M-2 kernel: PM: hibernation: Registered nosave memory: [mem 0xfec00000-0xfec00fff]
2025-09-14T17:12:08.929927+04:00 tornike-CH510M-K-M-2 kernel: PM: hibernation: Registered nosave memory: [mem 0xfec01000-0xfedfffff]
2025-09-14T17:12:08.929927+04:00 tornike-CH510M-K-M-2 kernel: PM: hibernation: Registered nosave memory: [mem 0xfee00000-0xfee00fff]
2025-09-14T17:12:08.929928+04:00 tornike-CH510M-K-M-2 kernel: PM: hibernation: Registered nosave memory: [mem 0xfee01000-0xffffffff]
2025-09-14T17:12:08.929930+04:00 tornike-CH510M-K-M-2 kernel: [mem 0xa0000000-0xfdffffff] available for PCI devices
2025-09-14T17:12:08.929930+04:00 tornike-CH510M-K-M-2 kernel: Booting paravirtualized kernel on bare hardware
2025-09-14T17:12:08.929931+04:00 tornike-CH510M-K-M-2 kernel: clocksource: refined-jiffies: mask: 0xffffffff max_cycles: 0xffffffff, max_idle_ns: 1910969940391419 ns
2025-09-14T17:12:08.929931+04:00 tornike-CH510M-K-M-2 kernel: setup_percpu: NR_CPUS:8192 nr_cpumask_bits:12 nr_cpu_ids:12 nr_node_ids:1
2025-09-14T17:12:08.929931+04:00 tornike-CH510M-K-M-2 kernel: percpu: Embedded 86 pages/cpu s229376 r8192 d114688 u524288
2025-09-14T17:12:08.929932+04:00 tornike-CH510M-K-M-2 kernel: pcpu-alloc: s229376 r8192 d114688 u524288 alloc=1*2097152
2025-09-14T17:12:08.929934+04:00 tornike-CH510M-K-M-2 kernel: pcpu-alloc: [0] 00 01 02 03 [0] 04 05 06 07 
2025-09-14T17:12:08.929934+04:00 tornike-CH510M-K-M-2 kernel: pcpu-alloc: [0] 08 09 10 11 
2025-09-14T17:12:08.929935+04:00 tornike-CH510M-K-M-2 kernel: Kernel command line: BOOT_IMAGE=/boot/vmlinuz-6.8.0-79-generic root=UUID=d282d071-5713-4f44-b88c-257e6acab052 ro quiet splash
2025-09-14T17:12:08.929935+04:00 tornike-CH510M-K-M-2 kernel: Unknown kernel command line parameters "splash BOOT_IMAGE=/boot/vmlinuz-6.8.0-79-generic", will be passed to user space.
2025-09-14T17:12:08.929935+04:00 tornike-CH510M-K-M-2 kernel: Dentry cache hash table entries: 2097152 (order: 12, 16777216 bytes, linear)
2025-09-14T17:12:08.929936+04:00 tornike-CH510M-K-M-2 kernel: Inode-cache hash table entries: 1048576 (order: 11, 8388608 bytes, linear)
2025-09-14T17:12:08.929938+04:00 tornike-CH510M-K-M-2 kernel: Fallback order for Node 0: 0 
2025-09-14T17:12:08.929938+04:00 tornike-CH510M-K-M-2 kernel: Built 1 zonelists, mobility grouping on.  Total pages: 4107413
2025-09-14T17:12:08.929939+04:00 tornike-CH510M-K-M-2 kernel: Policy zone: Normal
2025-09-14T17:12:08.929939+04:00 tornike-CH510M-K-M-2 kernel: mem auto-init: stack:all(zero), heap alloc:on, heap free:off
2025-09-14T17:12:08.929939+04:00 tornike-CH510M-K-M-2 kernel: software IO TLB: area num 16.
2025-09-14T17:12:08.929940+04:00 tornike-CH510M-K-M-2 kernel: Memory: 16148360K/16691092K available (22528K kernel code, 4443K rwdata, 14380K rodata, 5004K init, 4700K bss, 542472K reserved, 0K cma-reserved)
2025-09-14T17:12:08.929942+04:00 tornike-CH510M-K-M-2 kernel: SLUB: HWalign=64, Order=0-3, MinObjects=0, CPUs=12, Nodes=1
2025-09-14T17:12:08.929942+04:00 tornike-CH510M-K-M-2 kernel: ftrace: allocating 58191 entries in 228 pages
2025-09-14T17:12:08.929942+04:00 tornike-CH510M-K-M-2 kernel: ftrace: allocated 228 pages with 4 groups
2025-09-14T17:12:08.929943+04:00 tornike-CH510M-K-M-2 kernel: Dynamic Preempt: voluntary
2025-09-14T17:12:08.929943+04:00 tornike-CH510M-K-M-2 kernel: rcu: Preemptible hierarchical RCU implementation.
2025-09-14T17:12:08.929943+04:00 tornike-CH510M-K-M-2 kernel: rcu: 	RCU restricting CPUs from NR_CPUS=8192 to nr_cpu_ids=12.
2025-09-14T17:12:08.929946+04:00 tornike-CH510M-K-M-2 kernel: 	Trampoline variant of Tasks RCU enabled.
2025-09-14T17:12:08.929947+04:00 tornike-CH510M-K-M-2 kernel: 	Rude variant of Tasks RCU enabled.
2025-09-14T17:12:08.929947+04:00 tornike-CH510M-K-M-2 kernel: 	Tracing variant of Tasks RCU enabled.
2025-09-14T17:12:08.929947+04:00 tornike-CH510M-K-M-2 kernel: rcu: RCU calculated value of scheduler-enlistment delay is 100 jiffies.
2025-09-14T17:12:08.929948+04:00 tornike-CH510M-K-M-2 kernel: rcu: Adjusting geometry for rcu_fanout_leaf=16, nr_cpu_ids=12
2025-09-14T17:12:08.929949+04:00 tornike-CH510M-K-M-2 kernel: NR_IRQS: 524544, nr_irqs: 2152, preallocated irqs: 16
2025-09-14T17:12:08.929949+04:00 tornike-CH510M-K-M-2 kernel: rcu: srcu_init: Setting srcu_struct sizes based on contention.
2025-09-14T17:12:08.929951+04:00 tornike-CH510M-K-M-2 kernel: Console: colour dummy device 80x25
2025-09-14T17:12:08.929951+04:00 tornike-CH510M-K-M-2 kernel: printk: legacy console [tty0] enabled
2025-09-14T17:12:08.929952+04:00 tornike-CH510M-K-M-2 kernel: ACPI: Core revision 20230628
2025-09-14T17:12:08.929953+04:00 tornike-CH510M-K-M-2 kernel: hpet: HPET dysfunctional in PC10. Force disabled.
2025-09-14T17:12:08.929953+04:00 tornike-CH510M-K-M-2 kernel: APIC: Switch to symmetric I/O mode setup
2025-09-14T17:12:08.929953+04:00 tornike-CH510M-K-M-2 kernel: DMAR: Host address width 39
2025-09-14T17:12:08.929955+04:00 tornike-CH510M-K-M-2 kernel: DMAR: DRHD base: 0x000000fed91000 flags: 0x1
2025-09-14T17:12:08.929956+04:00 tornike-CH510M-K-M-2 kernel: DMAR: dmar0: reg_base_addr fed91000 ver 1:0 cap d2008c40660462 ecap f050da
2025-09-14T17:12:08.929957+04:00 tornike-CH510M-K-M-2 kernel: DMAR: RMRR base: 0x0000009e94a000 end: 0x0000009eb93fff
2025-09-14T17:12:08.929958+04:00 tornike-CH510M-K-M-2 kernel: DMAR-IR: IOAPIC id 2 under DRHD base  0xfed91000 IOMMU 0
2025-09-14T17:12:08.929958+04:00 tornike-CH510M-K-M-2 kernel: DMAR-IR: HPET id 0 under DRHD base 0xfed91000
2025-09-14T17:12:08.929958+04:00 tornike-CH510M-K-M-2 kernel: DMAR-IR: Queued invalidation will be enabled to support x2apic and Intr-remapping.
2025-09-14T17:12:08.929959+04:00 tornike-CH510M-K-M-2 kernel: DMAR-IR: Enabled IRQ remapping in x2apic mode
2025-09-14T17:12:08.929966+04:00 tornike-CH510M-K-M-2 kernel: x2apic enabled
2025-09-14T17:12:08.929967+04:00 tornike-CH510M-K-M-2 kernel: APIC: Switched APIC routing to: cluster x2apic
2025-09-14T17:12:08.929967+04:00 tornike-CH510M-K-M-2 kernel: clocksource: tsc-early: mask: 0xffffffffffffffff max_cycles: 0x29ccd767b87, max_idle_ns: 440795223720 ns
2025-09-14T17:12:08.929968+04:00 tornike-CH510M-K-M-2 kernel: Calibrating delay loop (skipped), value calculated using timer frequency.. 5799.77 BogoMIPS (lpj=2899886)
2025-09-14T17:12:08.929968+04:00 tornike-CH510M-K-M-2 kernel: x86/cpu: SGX disabled by BIOS.
2025-09-14T17:12:08.929969+04:00 tornike-CH510M-K-M-2 kernel: CPU0: Thermal monitoring enabled (TM1)
2025-09-14T17:12:08.929971+04:00 tornike-CH510M-K-M-2 kernel: process: using mwait in idle threads
2025-09-14T17:12:08.929972+04:00 tornike-CH510M-K-M-2 kernel: Last level iTLB entries: 4KB 64, 2MB 8, 4MB 8
2025-09-14T17:12:08.929972+04:00 tornike-CH510M-K-M-2 kernel: Last level dTLB entries: 4KB 64, 2MB 0, 4MB 0, 1GB 4
2025-09-14T17:12:08.929972+04:00 tornike-CH510M-K-M-2 kernel: Spectre V1 : Mitigation: usercopy/swapgs barriers and __user pointer sanitization
2025-09-14T17:12:08.929973+04:00 tornike-CH510M-K-M-2 kernel: Spectre V2 : Spectre BHI mitigation: SW BHB clearing on vm exit
2025-09-14T17:12:08.929973+04:00 tornike-CH510M-K-M-2 kernel: Spectre V2 : Spectre BHI mitigation: SW BHB clearing on syscall
2025-09-14T17:12:08.929975+04:00 tornike-CH510M-K-M-2 kernel: Spectre V2 : Mitigation: Enhanced / Automatic IBRS
2025-09-14T17:12:08.929976+04:00 tornike-CH510M-K-M-2 kernel: Spectre V2 : Spectre v2 / SpectreRSB mitigation: Filling RSB on context switch
2025-09-14T17:12:08.929976+04:00 tornike-CH510M-K-M-2 kernel: Spectre V2 : Spectre v2 / PBRSB-eIBRS: Retire a single CALL on VMEXIT
2025-09-14T17:12:08.929976+04:00 tornike-CH510M-K-M-2 kernel: RETBleed: Mitigation: Enhanced IBRS
2025-09-14T17:12:08.929977+04:00 tornike-CH510M-K-M-2 kernel: Spectre V2 : mitigation: Enabling conditional Indirect Branch Prediction Barrier
2025-09-14T17:12:08.929977+04:00 tornike-CH510M-K-M-2 kernel: Speculative Store Bypass: Mitigation: Speculative Store Bypass disabled via prctl
2025-09-14T17:12:08.929979+04:00 tornike-CH510M-K-M-2 kernel: MMIO Stale Data: Mitigation: Clear CPU buffers
2025-09-14T17:12:08.929980+04:00 tornike-CH510M-K-M-2 kernel: SRBDS: Mitigation: Microcode
2025-09-14T17:12:08.929980+04:00 tornike-CH510M-K-M-2 kernel: GDS: Mitigation: Microcode
2025-09-14T17:12:08.929980+04:00 tornike-CH510M-K-M-2 kernel: x86/fpu: Supporting XSAVE feature 0x001: 'x87 floating point registers'
2025-09-14T17:12:08.929981+04:00 tornike-CH510M-K-M-2 kernel: x86/fpu: Supporting XSAVE feature 0x002: 'SSE registers'
2025-09-14T17:12:08.929981+04:00 tornike-CH510M-K-M-2 kernel: x86/fpu: Supporting XSAVE feature 0x004: 'AVX registers'
2025-09-14T17:12:08.929981+04:00 tornike-CH510M-K-M-2 kernel: x86/fpu: Supporting XSAVE feature 0x008: 'MPX bounds registers'
2025-09-14T17:12:08.929983+04:00 tornike-CH510M-K-M-2 kernel: x86/fpu: Supporting XSAVE feature 0x010: 'MPX CSR'
2025-09-14T17:12:08.929984+04:00 tornike-CH510M-K-M-2 kernel: x86/fpu: xstate_offset[2]:  576, xstate_sizes[2]:  256
2025-09-14T17:12:08.929985+04:00 tornike-CH510M-K-M-2 kernel: x86/fpu: xstate_offset[3]:  832, xstate_sizes[3]:   64
2025-09-14T17:12:08.929985+04:00 tornike-CH510M-K-M-2 kernel: x86/fpu: xstate_offset[4]:  896, xstate_sizes[4]:   64
2025-09-14T17:12:08.929986+04:00 tornike-CH510M-K-M-2 kernel: x86/fpu: Enabled xstate features 0x1f, context size is 960 bytes, using 'compacted' format.
2025-09-14T17:12:08.929986+04:00 tornike-CH510M-K-M-2 kernel: Freeing SMP alternatives memory: 48K
2025-09-14T17:12:08.929988+04:00 tornike-CH510M-K-M-2 kernel: pid_max: default: 32768 minimum: 301
2025-09-14T17:12:08.929989+04:00 tornike-CH510M-K-M-2 kernel: LSM: initializing lsm=lockdown,capability,landlock,yama,apparmor,integrity
2025-09-14T17:12:08.929989+04:00 tornike-CH510M-K-M-2 kernel: landlock: Up and running.
2025-09-14T17:12:08.929989+04:00 tornike-CH510M-K-M-2 kernel: Yama: becoming mindful.
2025-09-14T17:12:08.929990+04:00 tornike-CH510M-K-M-2 kernel: AppArmor: AppArmor initialized
2025-09-14T17:12:08.930024+04:00 tornike-CH510M-K-M-2 kernel: Mount-cache hash table entries: 32768 (order: 6, 262144 bytes, linear)
2025-09-14T17:12:08.930025+04:00 tornike-CH510M-K-M-2 kernel: Mountpoint-cache hash table entries: 32768 (order: 6, 262144 bytes, linear)
2025-09-14T17:12:08.930028+04:00 tornike-CH510M-K-M-2 kernel: smpboot: CPU0: Intel(R) Core(TM) i5-10400F CPU @ 2.90GHz (family: 0x6, model: 0xa5, stepping: 0x3)
2025-09-14T17:12:08.930028+04:00 tornike-CH510M-K-M-2 kernel: RCU Tasks: Setting shift to 4 and lim to 1 rcu_task_cb_adjust=1 rcu_task_cpu_ids=12.
2025-09-14T17:12:08.930029+04:00 tornike-CH510M-K-M-2 kernel: RCU Tasks Rude: Setting shift to 4 and lim to 1 rcu_task_cb_adjust=1 rcu_task_cpu_ids=12.
2025-09-14T17:12:08.930029+04:00 tornike-CH510M-K-M-2 kernel: RCU Tasks Trace: Setting shift to 4 and lim to 1 rcu_task_cb_adjust=1 rcu_task_cpu_ids=12.
2025-09-14T17:12:08.930029+04:00 tornike-CH510M-K-M-2 kernel: Performance Events: PEBS fmt3+, Skylake events, 32-deep LBR, full-width counters, Intel PMU driver.
2025-09-14T17:12:08.930030+04:00 tornike-CH510M-K-M-2 kernel: ... version:                4
2025-09-14T17:12:08.930032+04:00 tornike-CH510M-K-M-2 kernel: ... bit width:              48
2025-09-14T17:12:08.930032+04:00 tornike-CH510M-K-M-2 kernel: ... generic registers:      4
2025-09-14T17:12:08.930033+04:00 tornike-CH510M-K-M-2 kernel: ... value mask:             0000ffffffffffff
2025-09-14T17:12:08.930034+04:00 tornike-CH510M-K-M-2 kernel: ... max period:             00007fffffffffff
2025-09-14T17:12:08.930034+04:00 tornike-CH510M-K-M-2 kernel: ... fixed-purpose events:   3
2025-09-14T17:12:08.930034+04:00 tornike-CH510M-K-M-2 kernel: ... event mask:             000000070000000f
2025-09-14T17:12:08.930036+04:00 tornike-CH510M-K-M-2 kernel: signal: max sigframe size: 2032
2025-09-14T17:12:08.930037+04:00 tornike-CH510M-K-M-2 kernel: Estimated ratio of average max frequency by base frequency (times 1024): 1447
2025-09-14T17:12:08.930037+04:00 tornike-CH510M-K-M-2 kernel: rcu: Hierarchical SRCU implementation.
2025-09-14T17:12:08.930039+04:00 tornike-CH510M-K-M-2 kernel: rcu: 	Max phase no-delay instances is 400.
2025-09-14T17:12:08.930039+04:00 tornike-CH510M-K-M-2 kernel: NMI watchdog: Enabled. Permanently consumes one hw-PMU counter.
2025-09-14T17:12:08.930039+04:00 tornike-CH510M-K-M-2 kernel: smp: Bringing up secondary CPUs ...
2025-09-14T17:12:08.930040+04:00 tornike-CH510M-K-M-2 kernel: smpboot: x86: Booting SMP configuration:
2025-09-14T17:12:08.930041+04:00 tornike-CH510M-K-M-2 kernel: .... node  #0, CPUs:        #1  #2  #3  #4  #5  #6  #7  #8  #9 #10 #11
2025-09-14T17:12:08.930042+04:00 tornike-CH510M-K-M-2 kernel: MMIO Stale Data CPU bug present and SMT on, data leak possible. See https://www.kernel.org/doc/html/latest/admin-guide/hw-vuln/processor_mmio_stale_data.html for more details.
2025-09-14T17:12:08.930043+04:00 tornike-CH510M-K-M-2 kernel: smp: Brought up 1 node, 12 CPUs
2025-09-14T17:12:08.930044+04:00 tornike-CH510M-K-M-2 kernel: smpboot: Max logical packages: 1
2025-09-14T17:12:08.930044+04:00 tornike-CH510M-K-M-2 kernel: smpboot: Total of 12 processors activated (69597.26 BogoMIPS)
2025-09-14T17:12:08.930044+04:00 tornike-CH510M-K-M-2 kernel: devtmpfs: initialized
2025-09-14T17:12:08.930046+04:00 tornike-CH510M-K-M-2 kernel: x86/mm: Memory block size: 128MB
2025-09-14T17:12:08.930047+04:00 tornike-CH510M-K-M-2 kernel: ACPI: PM: Registering ACPI NVS region [mem 0x999b8000-0x999b8fff] (4096 bytes)
2025-09-14T17:12:08.930047+04:00 tornike-CH510M-K-M-2 kernel: ACPI: PM: Registering ACPI NVS region [mem 0x9e4c1000-0x9e5c0fff] (1048576 bytes)
2025-09-14T17:12:08.930048+04:00 tornike-CH510M-K-M-2 kernel: clocksource: jiffies: mask: 0xffffffff max_cycles: 0xffffffff, max_idle_ns: 1911260446275000 ns
2025-09-14T17:12:08.930048+04:00 tornike-CH510M-K-M-2 kernel: futex hash table entries: 4096 (order: 6, 262144 bytes, linear)
2025-09-14T17:12:08.930049+04:00 tornike-CH510M-K-M-2 kernel: pinctrl core: initialized pinctrl subsystem
2025-09-14T17:12:08.930050+04:00 tornike-CH510M-K-M-2 kernel: PM: RTC time: 13:12:11, date: 2025-09-14
2025-09-14T17:12:08.930051+04:00 tornike-CH510M-K-M-2 kernel: NET: Registered PF_NETLINK/PF_ROUTE protocol family
2025-09-14T17:12:08.930052+04:00 tornike-CH510M-K-M-2 kernel: DMA: preallocated 2048 KiB GFP_KERNEL pool for atomic allocations
